arm r13 /home/lihuzhan/code/2026_0903__turbo/Primus-Turbo/output/0927__b0/fwd-nospec/arms/fwd_r13/impl.py SPEC m32x8 True m32x2 True
arm r13ns /home/lihuzhan/code/2026_0903__turbo/Primus-Turbo/output/0927__b0/fwd-nospec/arms/fwd_r13ns/impl.py SPEC m32x8 False m32x2 False
/home/lihuzhan/.local/flydsl0341/flydsl/compiler/jit_function.py:1681: UserWarning: @jit parameter 'ptr_O' is annotated as 'Pointer', but the argument resolves to 'Tensor'. The annotation is not enforced; the actual value type is used.
  jf(*args)
/home/lihuzhan/.local/flydsl0341/flydsl/compiler/jit_function.py:1681: UserWarning: @jit parameter 'ptr_Q' is annotated as 'Pointer', but the argument resolves to 'Tensor'. The annotation is not enforced; the actual value type is used.
  jf(*args)
/home/lihuzhan/.local/flydsl0341/flydsl/compiler/jit_function.py:1681: UserWarning: @jit parameter 'ptr_K' is annotated as 'Pointer', but the argument resolves to 'Tensor'. The annotation is not enforced; the actual value type is used.
  jf(*args)
/home/lihuzhan/.local/flydsl0341/flydsl/compiler/jit_function.py:1681: UserWarning: @jit parameter 'ptr_V' is annotated as 'Pointer', but the argument resolves to 'Tensor'. The annotation is not enforced; the actual value type is used.
  jf(*args)
/home/lihuzhan/.local/flydsl0341/flydsl/compiler/jit_function.py:1681: UserWarning: @jit parameter 'ptr_LSE' is annotated as 'Pointer', but the argument resolves to 'Tensor'. The annotation is not enforced; the actual value type is used.
  jf(*args)
/home/lihuzhan/.local/flydsl0341/flydsl/compiler/jit_function.py:1681: UserWarning: @jit parameter 'ptr_sink' is annotated as 'Pointer', but the argument resolves to 'Tensor'. The annotation is not enforced; the actual value type is used.
  jf(*args)
/home/lihuzhan/.local/flydsl0341/flydsl/compiler/kernel_function.py:360: UserWarning: @kernel parameter 'ptr_O' is annotated as 'Pointer', but the argument resolves to 'Tensor'. The annotation is not enforced; the actual value type is used.
  kernel_name, kernel_args, gpu_func_op, smem_bytes = self._kernel_function._emit_kernel(
/home/lihuzhan/.local/flydsl0341/flydsl/compiler/kernel_function.py:360: UserWarning: @kernel parameter 'ptr_Q' is annotated as 'Pointer', but the argument resolves to 'Tensor'. The annotation is not enforced; the actual value type is used.
  kernel_name, kernel_args, gpu_func_op, smem_bytes = self._kernel_function._emit_kernel(
/home/lihuzhan/.local/flydsl0341/flydsl/compiler/kernel_function.py:360: UserWarning: @kernel parameter 'ptr_K' is annotated as 'Pointer', but the argument resolves to 'Tensor'. The annotation is not enforced; the actual value type is used.
  kernel_name, kernel_args, gpu_func_op, smem_bytes = self._kernel_function._emit_kernel(
/home/lihuzhan/.local/flydsl0341/flydsl/compiler/kernel_function.py:360: UserWarning: @kernel parameter 'ptr_V' is annotated as 'Pointer', but the argument resolves to 'Tensor'. The annotation is not enforced; the actual value type is used.
  kernel_name, kernel_args, gpu_func_op, smem_bytes = self._kernel_function._emit_kernel(
/home/lihuzhan/.local/flydsl0341/flydsl/compiler/kernel_function.py:360: UserWarning: @kernel parameter 'ptr_LSE' is annotated as 'Pointer', but the argument resolves to 'Tensor'. The annotation is not enforced; the actual value type is used.
  kernel_name, kernel_args, gpu_func_op, smem_bytes = self._kernel_function._emit_kernel(
/home/lihuzhan/.local/flydsl0341/flydsl/compiler/kernel_function.py:360: UserWarning: @kernel parameter 'ptr_sink' is annotated as 'Pointer', but the argument resolves to 'Tensor'. The annotation is not enforced; the actual value type is used.
  kernel_name, kernel_args, gpu_func_op, smem_bytes = self._kernel_function._emit_kernel(
GATE r13ns  toy              causal o 65536/65536   51.86 dB  lse 512/512   81.85 dB  ref=eager (no cache)  PASS
GATE r13    toy              causal o 65536/65536   51.86 dB  lse 512/512   81.85 dB  ref=eager (no cache)  PASS
VS13 toy causal=True bitwise=True max|do|=0 max|dlse|=0
GATE r13ns  toy              full   o 65536/65536   50.18 dB  lse 512/512   85.17 dB  ref=eager (non-causal)  PASS
GATE r13    toy              full   o 65536/65536   50.18 dB  lse 512/512   85.17 dB  ref=eager (non-causal)  PASS
VS13 toy causal=False bitwise=True max|do|=0 max|dlse|=0
GATE r13ns  short_q          causal o 65536/65536   49.93 dB  lse 512/512   86.44 dB  ref=eager (no cache)  PASS
GATE r13    short_q          causal o 65536/65536   49.93 dB  lse 512/512   86.44 dB  ref=eager (no cache)  PASS
VS13 short_q causal=True bitwise=True max|do|=0 max|dlse|=0
GATE r13ns  short_q          full   o 65536/65536   49.82 dB  lse 512/512   86.73 dB  ref=eager (non-causal)  PASS
GATE r13    short_q          full   o 65536/65536   49.82 dB  lse 512/512   86.73 dB  ref=eager (non-causal)  PASS
VS13 short_q causal=False bitwise=True max|do|=0 max|dlse|=0
GATE r13ns  gqa4_batch2      causal o 524288/524288   51.76 dB  lse 4096/4096   81.51 dB  ref=eager (no cache)  PASS
GATE r13    gqa4_batch2      causal o 524288/524288   51.76 dB  lse 4096/4096   81.51 dB  ref=eager (no cache)  PASS
VS13 gqa4_batch2 causal=True bitwise=True max|do|=0 max|dlse|=0
GATE r13ns  gqa4_batch2      full   o 524288/524288   50.18 dB  lse 4096/4096   85.30 dB  ref=eager (non-causal)  PASS
GATE r13    gqa4_batch2      full   o 524288/524288   50.18 dB  lse 4096/4096   85.30 dB  ref=eager (non-causal)  PASS
VS13 gqa4_batch2 causal=False bitwise=True max|do|=0 max|dlse|=0
GATE r13ns  mha              causal o 131072/131072   51.60 dB  lse 1024/1024   81.18 dB  ref=eager (no cache)  PASS
GATE r13    mha              causal o 131072/131072   51.60 dB  lse 1024/1024   81.18 dB  ref=eager (no cache)  PASS
VS13 mha causal=True bitwise=True max|do|=0 max|dlse|=0
GATE r13ns  mha              full   o 131072/131072   49.98 dB  lse 1024/1024   85.15 dB  ref=eager (non-causal)  PASS
GATE r13    mha              full   o 131072/131072   49.98 dB  lse 1024/1024   85.15 dB  ref=eager (non-causal)  PASS
VS13 mha causal=False bitwise=True max|do|=0 max|dlse|=0
GATE r13ns  unequal_seqlen   causal o 524288/524288   49.98 dB  lse 4096/4096   87.38 dB  ref=eager (no cache)  PASS
GATE r13    unequal_seqlen   causal o 524288/524288   49.98 dB  lse 4096/4096   87.38 dB  ref=eager (no cache)  PASS
VS13 unequal_seqlen causal=True bitwise=True max|do|=0 max|dlse|=0
GATE r13ns  unequal_seqlen   full   o 524288/524288   49.98 dB  lse 4096/4096   87.87 dB  ref=eager (non-causal)  PASS
GATE r13    unequal_seqlen   full   o 524288/524288   49.98 dB  lse 4096/4096   87.87 dB  ref=eager (non-causal)  PASS
VS13 unequal_seqlen causal=False bitwise=True max|do|=0 max|dlse|=0
GATE r13ns  unequal_seqlen2  causal o 1048576/1048576   49.97 dB  lse 8192/8192   88.36 dB  ref=eager (no cache)  PASS
GATE r13    unequal_seqlen2  causal o 1048576/1048576   49.97 dB  lse 8192/8192   88.36 dB  ref=eager (no cache)  PASS
VS13 unequal_seqlen2 causal=True bitwise=True max|do|=0 max|dlse|=0
GATE r13ns  unequal_seqlen2  full   o 1048576/1048576   50.00 dB  lse 8192/8192   88.79 dB  ref=eager (non-causal)  PASS
GATE r13    unequal_seqlen2  full   o 1048576/1048576   50.00 dB  lse 8192/8192   88.79 dB  ref=eager (non-causal)  PASS
VS13 unequal_seqlen2 causal=False bitwise=True max|do|=0 max|dlse|=0
GATE r13ns  sq_gt_skv        full   o 1048576/1048576   49.99 dB  lse 8192/8192   86.70 dB  ref=eager (non-causal)  PASS
GATE r13    sq_gt_skv        full   o 1048576/1048576   49.99 dB  lse 8192/8192   86.70 dB  ref=eager (non-causal)  PASS
VS13 sq_gt_skv causal=False bitwise=True max|do|=0 max|dlse|=0
GATE r13ns  fast             causal o 1048576/1048576   51.23 dB  lse 8192/8192   85.48 dB  ref=refcache  PASS
GATE r13    fast             causal o 1048576/1048576   51.23 dB  lse 8192/8192   85.48 dB  ref=refcache  PASS
VS13 fast causal=True bitwise=True max|do|=0 max|dlse|=0
DET r13ns 200 runs at fast: 200/200 bitwise identical, o=9eb9b58556bf lse=bbf23654e600 PASS
GATE_RESULT PASS
rc=0
