[aiter] import [module_aiter_core] under /home/lihuzhan/code/aiter-src/aiter/jit/module_aiter_core.so
BLAS {'TORCH_BLAS_PREFER_HIPBLASLT': '1', 'HIPBLASLT_TENSILE_LIBPATH': '/opt/venv/lib/python3.12/site-packages/_rocm_sdk_libraries_gfx1250/lib/hipblaslt/library/gfx1250'}
arm asm /home/lihuzhan/code/2026_0903__turbo/Primus-Turbo/output/0927__b0/fwd-nospec/harness/beat/impl.py -
arm r13 /home/lihuzhan/code/2026_0903__turbo/Primus-Turbo/output/0927__b0/fwd-nospec/arms/fwd_r13/impl.py True
arm r13ns /home/lihuzhan/code/2026_0903__turbo/Primus-Turbo/output/0927__b0/fwd-nospec/arms/fwd_r13ns/impl.py False
[aiter] LoadKernel: _ZN5aiter41fmha_bf16_pertokenBf16_hd128_128x256_maskE hsaco: /home/lihuzhan/code/aiter-src/hsa//gfx1250/fmha_fwd_bf16/fmha_bf16_pertokenBf16_hd128_128x256_mask.co
/home/lihuzhan/.local/flydsl0341/flydsl/compiler/jit_function.py:1681: UserWarning: @jit parameter 'ptr_O' is annotated as 'Pointer', but the argument resolves to 'Tensor'. The annotation is not enforced; the actual value type is used.
  jf(*args)
/home/lihuzhan/.local/flydsl0341/flydsl/compiler/jit_function.py:1681: UserWarning: @jit parameter 'ptr_Q' is annotated as 'Pointer', but the argument resolves to 'Tensor'. The annotation is not enforced; the actual value type is used.
  jf(*args)
/home/lihuzhan/.local/flydsl0341/flydsl/compiler/jit_function.py:1681: UserWarning: @jit parameter 'ptr_K' is annotated as 'Pointer', but the argument resolves to 'Tensor'. The annotation is not enforced; the actual value type is used.
  jf(*args)
/home/lihuzhan/.local/flydsl0341/flydsl/compiler/jit_function.py:1681: UserWarning: @jit parameter 'ptr_V' is annotated as 'Pointer', but the argument resolves to 'Tensor'. The annotation is not enforced; the actual value type is used.
  jf(*args)
/home/lihuzhan/.local/flydsl0341/flydsl/compiler/jit_function.py:1681: UserWarning: @jit parameter 'ptr_LSE' is annotated as 'Pointer', but the argument resolves to 'Tensor'. The annotation is not enforced; the actual value type is used.
  jf(*args)
/home/lihuzhan/.local/flydsl0341/flydsl/compiler/jit_function.py:1681: UserWarning: @jit parameter 'ptr_sink' is annotated as 'Pointer', but the argument resolves to 'Tensor'. The annotation is not enforced; the actual value type is used.
  jf(*args)
/home/lihuzhan/.local/flydsl0341/flydsl/compiler/kernel_function.py:360: UserWarning: @kernel parameter 'ptr_O' is annotated as 'Pointer', but the argument resolves to 'Tensor'. The annotation is not enforced; the actual value type is used.
  kernel_name, kernel_args, gpu_func_op, smem_bytes = self._kernel_function._emit_kernel(
/home/lihuzhan/.local/flydsl0341/flydsl/compiler/kernel_function.py:360: UserWarning: @kernel parameter 'ptr_Q' is annotated as 'Pointer', but the argument resolves to 'Tensor'. The annotation is not enforced; the actual value type is used.
  kernel_name, kernel_args, gpu_func_op, smem_bytes = self._kernel_function._emit_kernel(
/home/lihuzhan/.local/flydsl0341/flydsl/compiler/kernel_function.py:360: UserWarning: @kernel parameter 'ptr_K' is annotated as 'Pointer', but the argument resolves to 'Tensor'. The annotation is not enforced; the actual value type is used.
  kernel_name, kernel_args, gpu_func_op, smem_bytes = self._kernel_function._emit_kernel(
/home/lihuzhan/.local/flydsl0341/flydsl/compiler/kernel_function.py:360: UserWarning: @kernel parameter 'ptr_V' is annotated as 'Pointer', but the argument resolves to 'Tensor'. The annotation is not enforced; the actual value type is used.
  kernel_name, kernel_args, gpu_func_op, smem_bytes = self._kernel_function._emit_kernel(
/home/lihuzhan/.local/flydsl0341/flydsl/compiler/kernel_function.py:360: UserWarning: @kernel parameter 'ptr_LSE' is annotated as 'Pointer', but the argument resolves to 'Tensor'. The annotation is not enforced; the actual value type is used.
  kernel_name, kernel_args, gpu_func_op, smem_bytes = self._kernel_function._emit_kernel(
/home/lihuzhan/.local/flydsl0341/flydsl/compiler/kernel_function.py:360: UserWarning: @kernel parameter 'ptr_sink' is annotated as 'Pointer', but the argument resolves to 'Tensor'. The annotation is not enforced; the actual value type is used.
  kernel_name, kernel_args, gpu_func_op, smem_bytes = self._kernel_function._emit_kernel(
timed loop 5.4s
RESULT cond=blk set=L00 arm=asm n=108 median_ms=1.4690 min=1.3879 max=1.5258
RESULT cond=blk set=L00 arm=r13 n=108 median_ms=1.8579 min=1.8267 max=1.8843
RESULT cond=blk set=L00 arm=r13ns n=108 median_ms=1.5880 min=1.5642 max=1.6155
RATIO cond=blk set=L00 order=asm,r13,r13ns r13ns/r13=0.8548 r13/asm=1.2648 r13ns/asm=1.0811
RESULT cond=blk set=L01 arm=asm n=108 median_ms=1.4252 min=1.3950 max=1.4923
RESULT cond=blk set=L01 arm=r13 n=108 median_ms=1.7856 min=1.7472 max=1.8135
RESULT cond=blk set=L01 arm=r13ns n=108 median_ms=1.5441 min=1.4967 max=1.5758
RATIO cond=blk set=L01 order=asm,r13,r13ns r13ns/r13=0.8648 r13/asm=1.2529 r13ns/asm=1.0834
RESULT cond=blk set=L02 arm=asm n=108 median_ms=1.4708 min=1.4357 max=1.5204
RESULT cond=blk set=L02 arm=r13 n=108 median_ms=1.7917 min=1.7533 max=1.8187
RESULT cond=blk set=L02 arm=r13ns n=108 median_ms=1.5797 min=1.5476 max=1.6117
RATIO cond=blk set=L02 order=asm,r13,r13ns r13ns/r13=0.8817 r13/asm=1.2182 r13ns/asm=1.0741
RESULT cond=blk set=L08 arm=asm n=108 median_ms=1.4225 min=1.3859 max=1.4903
RESULT cond=blk set=L08 arm=r13 n=108 median_ms=1.8312 min=1.7686 max=1.8662
RESULT cond=blk set=L08 arm=r13ns n=108 median_ms=1.5494 min=1.4960 max=1.5914
RATIO cond=blk set=L08 order=asm,r13,r13ns r13ns/r13=0.8461 r13/asm=1.2873 r13ns/asm=1.0892
RESULT cond=blk set=L16 arm=asm n=108 median_ms=1.4603 min=1.4287 max=1.5212
RESULT cond=blk set=L16 arm=r13 n=108 median_ms=1.7093 min=1.6711 max=1.7602
RESULT cond=blk set=L16 arm=r13ns n=108 median_ms=1.5680 min=1.5488 max=1.5960
RATIO cond=blk set=L16 order=asm,r13,r13ns r13ns/r13=0.9173 r13/asm=1.1705 r13ns/asm=1.0737
RESULT cond=blk set=L31 arm=asm n=108 median_ms=1.4301 min=1.3981 max=1.5169
RESULT cond=blk set=L31 arm=r13 n=108 median_ms=1.7895 min=1.7550 max=1.8166
RESULT cond=blk set=L31 arm=r13ns n=108 median_ms=1.5598 min=1.5223 max=1.5943
RATIO cond=blk set=L31 order=asm,r13,r13ns r13ns/r13=0.8716 r13/asm=1.2513 r13ns/asm=1.0907
RESULT cond=blk set=randn arm=asm n=108 median_ms=1.4393 min=1.4031 max=1.4809
RESULT cond=blk set=randn arm=r13 n=108 median_ms=1.4800 min=1.4429 max=1.5075
RESULT cond=blk set=randn arm=r13ns n=108 median_ms=1.5517 min=1.5182 max=1.5831
RATIO cond=blk set=randn order=asm,r13,r13ns r13ns/r13=1.0485 r13/asm=1.0283 r13ns/asm=1.0781
rc=0
