[aiter] import [module_aiter_core] under /home/lihuzhan/code/aiter-src/aiter/jit/module_aiter_core.so
BLAS {'TORCH_BLAS_PREFER_HIPBLASLT': '1', 'HIPBLASLT_TENSILE_LIBPATH': '/opt/venv/lib/python3.12/site-packages/_rocm_sdk_libraries_gfx1250/lib/hipblaslt/library/gfx1250'}
arm r13 /home/lihuzhan/code/2026_0903__turbo/Primus-Turbo/output/0927__b0/fwd-nospec/arms/fwd_r13/impl.py True
arm r13ns /home/lihuzhan/code/2026_0903__turbo/Primus-Turbo/output/0927__b0/fwd-nospec/arms/fwd_r13ns/impl.py False
arm asm /home/lihuzhan/code/2026_0903__turbo/Primus-Turbo/output/0927__b0/fwd-nospec/harness/beat/impl.py -
gburst 10 GEMMs 25.1 ms
/home/lihuzhan/.local/flydsl0341/flydsl/compiler/jit_function.py:1681: UserWarning: @jit parameter 'ptr_O' is annotated as 'Pointer', but the argument resolves to 'Tensor'. The annotation is not enforced; the actual value type is used.
  jf(*args)
/home/lihuzhan/.local/flydsl0341/flydsl/compiler/jit_function.py:1681: UserWarning: @jit parameter 'ptr_Q' is annotated as 'Pointer', but the argument resolves to 'Tensor'. The annotation is not enforced; the actual value type is used.
  jf(*args)
/home/lihuzhan/.local/flydsl0341/flydsl/compiler/jit_function.py:1681: UserWarning: @jit parameter 'ptr_K' is annotated as 'Pointer', but the argument resolves to 'Tensor'. The annotation is not enforced; the actual value type is used.
  jf(*args)
/home/lihuzhan/.local/flydsl0341/flydsl/compiler/jit_function.py:1681: UserWarning: @jit parameter 'ptr_V' is annotated as 'Pointer', but the argument resolves to 'Tensor'. The annotation is not enforced; the actual value type is used.
  jf(*args)
/home/lihuzhan/.local/flydsl0341/flydsl/compiler/jit_function.py:1681: UserWarning: @jit parameter 'ptr_LSE' is annotated as 'Pointer', but the argument resolves to 'Tensor'. The annotation is not enforced; the actual value type is used.
  jf(*args)
/home/lihuzhan/.local/flydsl0341/flydsl/compiler/jit_function.py:1681: UserWarning: @jit parameter 'ptr_sink' is annotated as 'Pointer', but the argument resolves to 'Tensor'. The annotation is not enforced; the actual value type is used.
  jf(*args)
/home/lihuzhan/.local/flydsl0341/flydsl/compiler/kernel_function.py:360: UserWarning: @kernel parameter 'ptr_O' is annotated as 'Pointer', but the argument resolves to 'Tensor'. The annotation is not enforced; the actual value type is used.
  kernel_name, kernel_args, gpu_func_op, smem_bytes = self._kernel_function._emit_kernel(
/home/lihuzhan/.local/flydsl0341/flydsl/compiler/kernel_function.py:360: UserWarning: @kernel parameter 'ptr_Q' is annotated as 'Pointer', but the argument resolves to 'Tensor'. The annotation is not enforced; the actual value type is used.
  kernel_name, kernel_args, gpu_func_op, smem_bytes = self._kernel_function._emit_kernel(
/home/lihuzhan/.local/flydsl0341/flydsl/compiler/kernel_function.py:360: UserWarning: @kernel parameter 'ptr_K' is annotated as 'Pointer', but the argument resolves to 'Tensor'. The annotation is not enforced; the actual value type is used.
  kernel_name, kernel_args, gpu_func_op, smem_bytes = self._kernel_function._emit_kernel(
/home/lihuzhan/.local/flydsl0341/flydsl/compiler/kernel_function.py:360: UserWarning: @kernel parameter 'ptr_V' is annotated as 'Pointer', but the argument resolves to 'Tensor'. The annotation is not enforced; the actual value type is used.
  kernel_name, kernel_args, gpu_func_op, smem_bytes = self._kernel_function._emit_kernel(
/home/lihuzhan/.local/flydsl0341/flydsl/compiler/kernel_function.py:360: UserWarning: @kernel parameter 'ptr_LSE' is annotated as 'Pointer', but the argument resolves to 'Tensor'. The annotation is not enforced; the actual value type is used.
  kernel_name, kernel_args, gpu_func_op, smem_bytes = self._kernel_function._emit_kernel(
/home/lihuzhan/.local/flydsl0341/flydsl/compiler/kernel_function.py:360: UserWarning: @kernel parameter 'ptr_sink' is annotated as 'Pointer', but the argument resolves to 'Tensor'. The annotation is not enforced; the actual value type is used.
  kernel_name, kernel_args, gpu_func_op, smem_bytes = self._kernel_function._emit_kernel(
[aiter] LoadKernel: _ZN5aiter41fmha_bf16_pertokenBf16_hd128_128x256_maskE hsaco: /home/lihuzhan/code/aiter-src/hsa//gfx1250/fmha_fwd_bf16/fmha_bf16_pertokenBf16_hd128_128x256_mask.co
timed loop 11.3s
RESULT cond=gb set=L00 arm=r13 n=20 median_ms=2.0004 min=1.9868 max=2.0375
RESULT cond=gb set=L00 arm=r13ns n=20 median_ms=1.6379 min=1.6194 max=1.6570
RESULT cond=gb set=L00 arm=asm n=20 median_ms=1.2904 min=1.2677 max=1.3131
RATIO cond=gb set=L00 order=r13,r13ns,asm r13ns/r13=0.8188 r13/asm=1.5502 r13ns/asm=1.2693
RESULT cond=gb set=L01 arm=r13 n=20 median_ms=2.0086 min=1.9797 max=2.0259
RESULT cond=gb set=L01 arm=r13ns n=20 median_ms=1.6313 min=1.6113 max=1.6518
RESULT cond=gb set=L01 arm=asm n=20 median_ms=1.2733 min=1.2576 max=1.2921
RATIO cond=gb set=L01 order=r13,r13ns,asm r13ns/r13=0.8122 r13/asm=1.5775 r13ns/asm=1.2812
RESULT cond=gb set=L02 arm=r13 n=20 median_ms=1.9797 min=1.9598 max=1.9989
RESULT cond=gb set=L02 arm=r13ns n=20 median_ms=1.6353 min=1.6154 max=1.6587
RESULT cond=gb set=L02 arm=asm n=20 median_ms=1.2891 min=1.2733 max=1.3076
RATIO cond=gb set=L02 order=r13,r13ns,asm r13ns/r13=0.8260 r13/asm=1.5357 r13ns/asm=1.2685
RESULT cond=gb set=L08 arm=r13 n=20 median_ms=2.1040 min=2.0785 max=2.1265
RESULT cond=gb set=L08 arm=r13ns n=20 median_ms=1.6341 min=1.5896 max=1.6473
RESULT cond=gb set=L08 arm=asm n=20 median_ms=1.2687 min=1.2538 max=1.2998
RATIO cond=gb set=L08 order=r13,r13ns,asm r13ns/r13=0.7767 r13/asm=1.6583 r13ns/asm=1.2880
RESULT cond=gb set=L16 arm=r13 n=20 median_ms=1.8553 min=1.8231 max=1.8730
RESULT cond=gb set=L16 arm=r13ns n=20 median_ms=1.6280 min=1.6079 max=1.6514
RESULT cond=gb set=L16 arm=asm n=20 median_ms=1.2833 min=1.2652 max=1.2961
RATIO cond=gb set=L16 order=r13,r13ns,asm r13ns/r13=0.8775 r13/asm=1.4458 r13ns/asm=1.2686
RESULT cond=gb set=L31 arm=r13 n=20 median_ms=2.0044 min=1.9778 max=2.0387
RESULT cond=gb set=L31 arm=r13ns n=20 median_ms=1.6371 min=1.6137 max=1.6666
RESULT cond=gb set=L31 arm=asm n=20 median_ms=1.2743 min=1.2564 max=1.2927
RATIO cond=gb set=L31 order=r13,r13ns,asm r13ns/r13=0.8167 r13/asm=1.5729 r13ns/asm=1.2847
RESULT cond=gb set=randn arm=r13 n=20 median_ms=1.5193 min=1.4979 max=1.5425
RESULT cond=gb set=randn arm=r13ns n=20 median_ms=1.6027 min=1.5833 max=1.6336
RESULT cond=gb set=randn arm=asm n=20 median_ms=1.2766 min=1.2561 max=1.3080
RATIO cond=gb set=randn order=r13,r13ns,asm r13ns/r13=1.0549 r13/asm=1.1902 r13ns/asm=1.2555
rc=0
