[aiter] import [module_aiter_core] under /home/lihuzhan/code/aiter-src/aiter/jit/module_aiter_core.so
/home/lihuzhan/.local/flydsl0341/flydsl/compiler/jit_function.py:1681: UserWarning: @jit parameter 'ptr_O' is annotated as 'Pointer', but the argument resolves to 'Tensor'. The annotation is not enforced; the actual value type is used.
  jf(*args)
/home/lihuzhan/.local/flydsl0341/flydsl/compiler/jit_function.py:1681: UserWarning: @jit parameter 'ptr_Q' is annotated as 'Pointer', but the argument resolves to 'Tensor'. The annotation is not enforced; the actual value type is used.
  jf(*args)
/home/lihuzhan/.local/flydsl0341/flydsl/compiler/jit_function.py:1681: UserWarning: @jit parameter 'ptr_K' is annotated as 'Pointer', but the argument resolves to 'Tensor'. The annotation is not enforced; the actual value type is used.
  jf(*args)
/home/lihuzhan/.local/flydsl0341/flydsl/compiler/jit_function.py:1681: UserWarning: @jit parameter 'ptr_V' is annotated as 'Pointer', but the argument resolves to 'Tensor'. The annotation is not enforced; the actual value type is used.
  jf(*args)
/home/lihuzhan/.local/flydsl0341/flydsl/compiler/jit_function.py:1681: UserWarning: @jit parameter 'ptr_LSE' is annotated as 'Pointer', but the argument resolves to 'Tensor'. The annotation is not enforced; the actual value type is used.
  jf(*args)
/home/lihuzhan/.local/flydsl0341/flydsl/compiler/jit_function.py:1681: UserWarning: @jit parameter 'ptr_sink' is annotated as 'Pointer', but the argument resolves to 'Tensor'. The annotation is not enforced; the actual value type is used.
  jf(*args)
/home/lihuzhan/.local/flydsl0341/flydsl/compiler/kernel_function.py:360: UserWarning: @kernel parameter 'ptr_O' is annotated as 'Pointer', but the argument resolves to 'Tensor'. The annotation is not enforced; the actual value type is used.
  kernel_name, kernel_args, gpu_func_op, smem_bytes = self._kernel_function._emit_kernel(
/home/lihuzhan/.local/flydsl0341/flydsl/compiler/kernel_function.py:360: UserWarning: @kernel parameter 'ptr_Q' is annotated as 'Pointer', but the argument resolves to 'Tensor'. The annotation is not enforced; the actual value type is used.
  kernel_name, kernel_args, gpu_func_op, smem_bytes = self._kernel_function._emit_kernel(
/home/lihuzhan/.local/flydsl0341/flydsl/compiler/kernel_function.py:360: UserWarning: @kernel parameter 'ptr_K' is annotated as 'Pointer', but the argument resolves to 'Tensor'. The annotation is not enforced; the actual value type is used.
  kernel_name, kernel_args, gpu_func_op, smem_bytes = self._kernel_function._emit_kernel(
/home/lihuzhan/.local/flydsl0341/flydsl/compiler/kernel_function.py:360: UserWarning: @kernel parameter 'ptr_V' is annotated as 'Pointer', but the argument resolves to 'Tensor'. The annotation is not enforced; the actual value type is used.
  kernel_name, kernel_args, gpu_func_op, smem_bytes = self._kernel_function._emit_kernel(
/home/lihuzhan/.local/flydsl0341/flydsl/compiler/kernel_function.py:360: UserWarning: @kernel parameter 'ptr_LSE' is annotated as 'Pointer', but the argument resolves to 'Tensor'. The annotation is not enforced; the actual value type is used.
  kernel_name, kernel_args, gpu_func_op, smem_bytes = self._kernel_function._emit_kernel(
/home/lihuzhan/.local/flydsl0341/flydsl/compiler/kernel_function.py:360: UserWarning: @kernel parameter 'ptr_sink' is annotated as 'Pointer', but the argument resolves to 'Tensor'. The annotation is not enforced; the actual value type is used.
  kernel_name, kernel_args, gpu_func_op, smem_bytes = self._kernel_function._emit_kernel(
[aiter] LoadKernel: _ZN5aiter41fmha_bf16_pertokenBf16_hd128_128x256_maskE hsaco: /home/lihuzhan/code/aiter-src/hsa//gfx1250/fmha_fwd_bf16/fmha_bf16_pertokenBf16_hd128_128x256_mask.co
REAL L00 finite=True ns_vs_r13 bitwise=True sqnr=315.1dB max|do|=0 max|dlse|=0 | vs_asm o: r13 55.6 r13ns 55.6 dB | ref[r13] o 54.9 lse 68.9 | ref[r13ns] o 54.9 lse 68.9 | ref[asm] o 61.3 lse 129.5
REAL L01 finite=True ns_vs_r13 bitwise=True sqnr=316.2dB max|do|=0 max|dlse|=0 | vs_asm o: r13 55.7 r13ns 55.7 dB | ref[r13] o 54.2 lse 67.8 | ref[r13ns] o 54.2 lse 67.8 | ref[asm] o 58.9 lse 130.7
REAL L02 finite=True ns_vs_r13 bitwise=True sqnr=312.7dB max|do|=0 max|dlse|=0 | vs_asm o: r13 53.9 r13ns 53.9 dB | ref[r13] o 53.7 lse 68.1 | ref[r13ns] o 53.7 lse 68.1 | ref[asm] o 56.1 lse 131.7
REAL L08 finite=True ns_vs_r13 bitwise=True sqnr=312.1dB max|do|=0 max|dlse|=0 | vs_asm o: r13 52.7 r13ns 52.7 dB | ref[r13] o 52.3 lse 69.1 | ref[r13ns] o 52.3 lse 69.1 | ref[asm] o 58.3 lse 129.3
REAL L16 finite=True ns_vs_r13 bitwise=True sqnr=313.7dB max|do|=0 max|dlse|=0 | vs_asm o: r13 55.1 r13ns 55.1 dB | ref[r13] o 54.7 lse 55.3 | ref[r13ns] o 54.7 lse 55.3 | ref[asm] o 56.9 lse 131.6
REAL L31 finite=True ns_vs_r13 bitwise=True sqnr=310.9dB max|do|=0 max|dlse|=0 | vs_asm o: r13 56.6 r13ns 56.6 dB | ref[r13] o 54.8 lse 60.8 | ref[r13ns] o 54.8 lse 60.8 | ref[asm] o 58.2 lse 127.3
REAL_RESULT PASS
rc=0
