$ python validation.py /home/lihuzhan/code/2026_0910__op-evolve/op-evolve/artifacts/gfx1250-flydsl-attn-fwd-b0-20260927/rounds/018/op
(cwd /home/lihuzhan/code/2026_0910__op-evolve/op-evolve/artifacts/gfx1250-flydsl-attn-fwd-b0-20260927/job_context/op)
exit 2

--- stdout ---
validation  impl=/home/lihuzhan/code/2026_0910__op-evolve/op-evolve/artifacts/gfx1250-flydsl-attn-fwd-b0-20260927/rounds/018/op
  spec gfx1250-flydsl-attn-fwd_final.yaml: precision 49.0 dB, beat margin 0.0% -> bar 1.0000x beat
  ENV TORCH_BLAS_PREFER_HIPBLASLT=1 HIPBLASLT_TENSILE_LIBPATH=/home/lihuzhan/.local/hipblaslt-gfx1250/gfx1250
correctness (o and lse separately, vs op/eager):
  fast             causal o 1048576/1048576   51.23 dB  lse 8192/8192   85.48 dB  ref=refcache  PASS
  proxy            causal o 16777216/16777216   50.98 dB  lse 131072/131072   87.82 dB  ref=refcache  PASS
  prod             causal o 134217728/134217728   50.91 dB  lse 1048576/1048576   88.92 dB  ref=refcache  PASS
  toy              causal o 65536/65536   51.86 dB  lse 512/512   81.85 dB  ref=eager (no cache)  PASS
  toy              full   o 65536/65536   50.18 dB  lse 512/512   85.17 dB  ref=eager (non-causal)  PASS
  short_q          causal o 65536/65536   49.93 dB  lse 512/512   86.44 dB  ref=eager (no cache)  PASS
  short_q          full   o 65536/65536   49.82 dB  lse 512/512   86.73 dB  ref=eager (non-causal)  PASS
  gqa4_batch2      causal o 524288/524288   51.76 dB  lse 4096/4096   81.51 dB  ref=eager (no cache)  PASS
  gqa4_batch2      full   o 524288/524288   50.18 dB  lse 4096/4096   85.30 dB  ref=eager (non-causal)  PASS
  mha              causal o 131072/131072   51.60 dB  lse 1024/1024   81.18 dB  ref=eager (no cache)  PASS
  mha              full   o 131072/131072   49.98 dB  lse 1024/1024   85.15 dB  ref=eager (non-causal)  PASS
  unequal_seqlen   causal o 524288/524288   49.98 dB  lse 4096/4096   87.38 dB  ref=eager (no cache)  PASS
  unequal_seqlen   full   o 524288/524288   49.98 dB  lse 4096/4096   87.87 dB  ref=eager (non-causal)  PASS
  unequal_seqlen2  causal o 1048576/1048576   49.97 dB  lse 8192/8192   88.36 dB  ref=eager (no cache)  PASS
  unequal_seqlen2  full   o 1048576/1048576   50.00 dB  lse 8192/8192   88.79 dB  ref=eager (non-causal)  PASS
  sq_gt_skv        full   o 1048576/1048576   49.99 dB  lse 8192/8192   86.70 dB  ref=eager (non-causal)  PASS
determinism:
  200 runs at fast: 200/200 bitwise identical, o=9eb9b58556bf lse=bbf23654e600  PASS
speed (benchmark.py, candidate and beat in one process per shape):
    # arm candidate -> /home/lihuzhan/code/2026_0910__op-evolve/op-evolve/artifacts/gfx1250-flydsl-attn-fwd-b0-20260927/rounds/018/op  impl=/home/lihuzhan/code/2026_0910__op-evolve/op-evolve/artifacts/gfx1250-flydsl-attn-fwd-b0-20260927/rounds/018/op/impl.py kernel=/home/lihuzhan/code/2026_0910__op-evolve/op-evolve/artifacts/gfx1250-flydsl-attn-fwd-b0-20260927/rounds/018/op/flydsl_fwd/fmha_fwd_prefill_a16w16_m32x8.py md5=1456b99d O_VARIANT=v3
    # arm beat -> /home/lihuzhan/code/2026_0910__op-evolve/op-evolve/artifacts/gfx1250-flydsl-attn-fwd-b0-20260927/job_context/op/beat  impl=/home/lihuzhan/code/2026_0910__op-evolve/op-evolve/artifacts/gfx1250-flydsl-attn-fwd-b0-20260927/job_context/op/beat/impl.py
    # ENV TORCH_BLAS_PREFER_HIPBLASLT=1 HIPBLASLT_TENSILE_LIBPATH=/home/lihuzhan/.local/hipblaslt-gfx1250/gfx1250
    RESULT shape=fast arm=candidate stat=median iters=101 latency_ms=0.01346 min_ms=0.01274 max_ms=0.02928 tflops=159.7 bw_gbs=389.52 flop=2149580800.0 bytes_min=5242880 sclk_start=2304 sclk_end=2304 causal=True order=blocked9+lead4
    RESULT shape=fast arm=beat stat=median iters=101 latency_ms=0.01414 min_ms=0.01358 max_ms=0.01506 tflops=152.01 bw_gbs=370.76 flop=2149580800.0 bytes_min=5242880 sclk_start=2304 sclk_end=2304 causal=True order=blocked9+lead4
  fast   candidate    159.7 TF/s (0.0135 ms)  beat    152.0 TF/s (0.0141 ms)  ratio 1.0506  sclk 2304->2304  [median of 101]
    # arm candidate -> /home/lihuzhan/code/2026_0910__op-evolve/op-evolve/artifacts/gfx1250-flydsl-attn-fwd-b0-20260927/rounds/018/op  impl=/home/lihuzhan/code/2026_0910__op-evolve/op-evolve/artifacts/gfx1250-flydsl-attn-fwd-b0-20260927/rounds/018/op/impl.py kernel=/home/lihuzhan/code/2026_0910__op-evolve/op-evolve/artifacts/gfx1250-flydsl-attn-fwd-b0-20260927/rounds/018/op/flydsl_fwd/fmha_fwd_prefill_a16w16_m32x8.py md5=1456b99d O_VARIANT=v3
    # arm beat -> /home/lihuzhan/code/2026_0910__op-evolve/op-evolve/artifacts/gfx1250-flydsl-attn-fwd-b0-20260927/job_context/op/beat  impl=/home/lihuzhan/code/2026_0910__op-evolve/op-evolve/artifacts/gfx1250-flydsl-attn-fwd-b0-20260927/job_context/op/beat/impl.py
    # ENV TORCH_BLAS_PREFER_HIPBLASLT=1 HIPBLASLT_TENSILE_LIBPATH=/home/lihuzhan/.local/hipblaslt-gfx1250/gfx1250
    RESULT shape=proxy arm=candidate stat=median iters=101 latency_ms=0.0909 min_ms=0.08168 max_ms=0.1187 tflops=1512.42 bw_gbs=922.88 flop=137472507904.0 bytes_min=83886080 sclk_start=1109 sclk_end=1312 causal=True order=blocked9+lead4
    RESULT shape=proxy arm=beat stat=median iters=101 latency_ms=0.08232 min_ms=0.08 max_ms=0.08761 tflops=1669.9 bw_gbs=1018.97 flop=137472507904.0 bytes_min=83886080 sclk_start=1109 sclk_end=1312 causal=True order=blocked9+lead4
  proxy  candidate   1512.4 TF/s (0.0909 ms)  beat   1669.9 TF/s (0.0823 ms)  ratio 0.9057  sclk 1109->1312  [median of 101]
    # arm candidate -> /home/lihuzhan/code/2026_0910__op-evolve/op-evolve/artifacts/gfx1250-flydsl-attn-fwd-b0-20260927/rounds/018/op  impl=/home/lihuzhan/code/2026_0910__op-evolve/op-evolve/artifacts/gfx1250-flydsl-attn-fwd-b0-20260927/rounds/018/op/impl.py kernel=/home/lihuzhan/code/2026_0910__op-evolve/op-evolve/artifacts/gfx1250-flydsl-attn-fwd-b0-20260927/rounds/018/op/flydsl_fwd/fmha_fwd_prefill_a16w16_m32x8.py md5=1456b99d O_VARIANT=v3
    # arm beat -> /home/lihuzhan/code/2026_0910__op-evolve/op-evolve/artifacts/gfx1250-flydsl-attn-fwd-b0-20260927/job_context/op/beat  impl=/home/lihuzhan/code/2026_0910__op-evolve/op-evolve/artifacts/gfx1250-flydsl-attn-fwd-b0-20260927/job_context/op/beat/impl.py
    # ENV TORCH_BLAS_PREFER_HIPBLASLT=1 HIPBLASLT_TENSILE_LIBPATH=/home/lihuzhan/.local/hipblaslt-gfx1250/gfx1250
    RESULT shape=prod arm=candidate stat=median iters=101 latency_ms=1.49346 min_ms=1.44369 max_ms=1.52613 tflops=1472.61 bw_gbs=449.35 flop=2199291691008.0 bytes_min=671088640 sclk_start=995 sclk_end=1173 causal=True order=blocked9+lead4
    RESULT shape=prod arm=beat stat=median iters=101 latency_ms=1.4143 min_ms=1.37222 max_ms=1.45727 tflops=1555.04 bw_gbs=474.5 flop=2199291691008.0 bytes_min=671088640 sclk_start=995 sclk_end=1173 causal=True order=blocked9+lead4
  prod   candidate   1472.6 TF/s (1.4935 ms)  beat   1555.0 TF/s (1.4143 ms)  ratio 0.9470  sclk 995->1173  [median of 101]
  sweep geomean candidate/beat = 0.9659 (reported only)
  target: proxy and prod each >= bar 1.0000 -> min 0.9057  FAIL
FAILED (1):
  - speed: scored shapes below bar 1.0000 (fast 1.0506, proxy 0.9057, prod 0.9470)

--- stderr ---
/home/lihuzhan/.local/flydsl0341/flydsl/compiler/jit_function.py:1681: UserWarning: @jit parameter 'ptr_O' is annotated as 'Pointer', but the argument resolves to 'Tensor'. The annotation is not enforced; the actual value type is used.
  jf(*args)
/home/lihuzhan/.local/flydsl0341/flydsl/compiler/jit_function.py:1681: UserWarning: @jit parameter 'ptr_Q' is annotated as 'Pointer', but the argument resolves to 'Tensor'. The annotation is not enforced; the actual value type is used.
  jf(*args)
/home/lihuzhan/.local/flydsl0341/flydsl/compiler/jit_function.py:1681: UserWarning: @jit parameter 'ptr_K' is annotated as 'Pointer', but the argument resolves to 'Tensor'. The annotation is not enforced; the actual value type is used.
  jf(*args)
/home/lihuzhan/.local/flydsl0341/flydsl/compiler/jit_function.py:1681: UserWarning: @jit parameter 'ptr_V' is annotated as 'Pointer', but the argument resolves to 'Tensor'. The annotation is not enforced; the actual value type is used.
  jf(*args)
/home/lihuzhan/.local/flydsl0341/flydsl/compiler/jit_function.py:1681: UserWarning: @jit parameter 'ptr_LSE' is annotated as 'Pointer', but the argument resolves to 'Tensor'. The annotation is not enforced; the actual value type is used.
  jf(*args)
/home/lihuzhan/.local/flydsl0341/flydsl/compiler/jit_function.py:1681: UserWarning: @jit parameter 'ptr_sink' is annotated as 'Pointer', but the argument resolves to 'Tensor'. The annotation is not enforced; the actual value type is used.
  jf(*args)
/home/lihuzhan/.local/flydsl0341/flydsl/compiler/kernel_function.py:360: UserWarning: @kernel parameter 'ptr_O' is annotated as 'Pointer', but the argument resolves to 'Tensor'. The annotation is not enforced; the actual value type is used.
  kernel_name, kernel_args, gpu_func_op, smem_bytes = self._kernel_function._emit_kernel(
/home/lihuzhan/.local/flydsl0341/flydsl/compiler/kernel_function.py:360: UserWarning: @kernel parameter 'ptr_Q' is annotated as 'Pointer', but the argument resolves to 'Tensor'. The annotation is not enforced; the actual value type is used.
  kernel_name, kernel_args, gpu_func_op, smem_bytes = self._kernel_function._emit_kernel(
/home/lihuzhan/.local/flydsl0341/flydsl/compiler/kernel_function.py:360: UserWarning: @kernel parameter 'ptr_K' is annotated as 'Pointer', but the argument resolves to 'Tensor'. The annotation is not enforced; the actual value type is used.
  kernel_name, kernel_args, gpu_func_op, smem_bytes = self._kernel_function._emit_kernel(
/home/lihuzhan/.local/flydsl0341/flydsl/compiler/kernel_function.py:360: UserWarning: @kernel parameter 'ptr_V' is annotated as 'Pointer', but the argument resolves to 'Tensor'. The annotation is not enforced; the actual value type is used.
  kernel_name, kernel_args, gpu_func_op, smem_bytes = self._kernel_function._emit_kernel(
/home/lihuzhan/.local/flydsl0341/flydsl/compiler/kernel_function.py:360: UserWarning: @kernel parameter 'ptr_LSE' is annotated as 'Pointer', but the argument resolves to 'Tensor'. The annotation is not enforced; the actual value type is used.
  kernel_name, kernel_args, gpu_func_op, smem_bytes = self._kernel_function._emit_kernel(
/home/lihuzhan/.local/flydsl0341/flydsl/compiler/kernel_function.py:360: UserWarning: @kernel parameter 'ptr_sink' is annotated as 'Pointer', but the argument resolves to 'Tensor'. The annotation is not enforced; the actual value type is used.
  kernel_name, kernel_args, gpu_func_op, smem_bytes = self._kernel_function._emit_kernel(

