val6_proxy rc=0 newdmesg=0 bad=0
CORR shape=proxy arm=cur dq  52.52 dB  dk  52.57 dB  dv  52.67 dB  pass
DET shape=proxy arm=cur runs=100 dkdv=bitwise dq_worst=bitwise  pass
CORR shape=proxy arm=c_k1 dq  52.52 dB  dk  52.58 dB  dv  52.67 dB  pass
DET shape=proxy arm=c_k1 runs=100 dkdv=bitwise dq_worst=bitwise  pass
XARM shape=proxy c_k1 vs cur: dq=bitwise dk=50.0dB dv=76.0dB
CORR shape=proxy arm=c_k1f dq  52.52 dB  dk  52.57 dB  dv  52.67 dB  pass
DET shape=proxy arm=c_k1f runs=100 dkdv=bitwise dq_worst=bitwise  pass
XARM shape=proxy c_k1f vs cur: dq=bitwise dk=76.7dB dv=76.0dB
CORR shape=proxy arm=c_ku2 dq  52.52 dB  dk  52.57 dB  dv  52.67 dB  pass
DET shape=proxy arm=c_ku2 runs=100 dkdv=bitwise dq_worst=bitwise  pass
XARM shape=proxy c_ku2 vs cur: dq=bitwise dk=bitwise dv=bitwise
LABVAL proxy PASS
val6_prod rc=0 newdmesg=0 bad=0
CORR shape=prod arm=cur dq  52.56 dB  dk  52.60 dB  dv  52.71 dB  pass
DET shape=prod arm=cur runs=50 dkdv=bitwise dq_worst=bitwise  pass
CORR shape=prod arm=c_k1 dq  52.56 dB  dk  52.59 dB  dv  52.71 dB  pass
DET shape=prod arm=c_k1 runs=50 dkdv=bitwise dq_worst=bitwise  pass
XARM shape=prod c_k1 vs cur: dq=bitwise dk=50.0dB dv=75.0dB
CORR shape=prod arm=c_k1f dq  52.56 dB  dk  52.60 dB  dv  52.71 dB  pass
DET shape=prod arm=c_k1f runs=50 dkdv=bitwise dq_worst=bitwise  pass
XARM shape=prod c_k1f vs cur: dq=bitwise dk=75.3dB dv=75.0dB
CORR shape=prod arm=c_ku2 dq  52.56 dB  dk  52.60 dB  dv  52.71 dB  pass
DET shape=prod arm=c_ku2 runs=50 dkdv=bitwise dq_worst=bitwise  pass
XARM shape=prod c_ku2 vs cur: dq=bitwise dk=bitwise dv=bitwise
LABVAL prod PASS
val6_fast rc=0 newdmesg=0 bad=0
CORR shape=fast arm=cur dq  52.61 dB  dk  52.65 dB  dv  52.83 dB  pass
DET shape=fast arm=cur runs=200 dkdv=bitwise dq_worst=bitwise  pass
CORR shape=fast arm=c_k1 dq  52.61 dB  dk  52.61 dB  dv  52.83 dB  pass
DET shape=fast arm=c_k1 runs=200 dkdv=bitwise dq_worst=bitwise  pass
XARM shape=fast c_k1 vs cur: dq=bitwise dk=50.1dB dv=76.9dB
CORR shape=fast arm=c_k1f dq  52.61 dB  dk  52.64 dB  dv  52.83 dB  pass
DET shape=fast arm=c_k1f runs=200 dkdv=bitwise dq_worst=bitwise  pass
XARM shape=fast c_k1f vs cur: dq=bitwise dk=78.5dB dv=76.9dB
CORR shape=fast arm=c_ku2 dq  52.61 dB  dk  52.65 dB  dv  52.83 dB  pass
DET shape=fast arm=c_ku2 runs=200 dkdv=bitwise dq_worst=bitwise  pass
XARM shape=fast c_ku2 vs cur: dq=bitwise dk=bitwise dv=bitwise
LABVAL fast PASS
