kb5_prod_blk_p1 rc=0 newdmesg=130 bad=0
  blk dq cur 3.0010 sclk 1942
  blk dq r19h 3.1865 sclk 1921
  blk dq c_u2nb 3.6156 sclk 1985
  blk dq c_u2b 3.4727 sclk 2018
  blk dq c_u2f 3.0871 sclk 2015
  blk dq c_u2fb 3.5329 sclk 2041
  blk dq c_epi 2.9987 sclk 2004
  blk dq c_ku2b 3.0003 sclk 1946
  blk full cur 8.3189 sclk 1824
  blk full r19h 8.5914 sclk 1838
  blk full c_u2nb 8.9928 sclk 1882
  blk full c_u2b 8.8229 sclk 1896
  blk full c_u2f 8.4900 sclk 1867
  blk full c_u2fb 8.8898 sclk 1883
  blk full c_epi 8.3571 sclk 1854
  blk full c_ku2b 9.0581 sclk 1920
kb5_prod_blk_p2 rc=0 newdmesg=104 bad=0
  blk dq c_ku2b 2.9959 sclk 1928
  blk dq c_epi 2.9975 sclk 1899
  blk dq c_u2fb 3.5318 sclk 1956
  blk dq c_u2f 3.0929 sclk 1978
  blk dq c_u2b 3.4697 sclk 2016
  blk dq c_u2nb 3.6125 sclk 2050
  blk dq r19h 3.1796 sclk 2039
  blk dq cur 2.9967 sclk 1973
  blk full c_ku2b 9.0333 sclk 1914
  blk full c_epi 8.3111 sclk 1857
  blk full c_u2fb 8.8899 sclk 1887
  blk full c_u2f 8.4983 sclk 1869
  blk full c_u2b 8.8139 sclk 1899
  blk full c_u2nb 8.9844 sclk 1909
  blk full r19h 8.5746 sclk 1871
  blk full cur 8.3194 sclk 1822
kb5_prod_blk_p3 rc=0 newdmesg=95 bad=0
  blk dq c_u2f 3.0942 sclk 1949
  blk dq cur 2.9911 sclk 1948
  blk dq c_ku2b 2.9914 sclk 1979
  blk dq c_u2nb 3.6111 sclk 1994
  blk dq r19h 3.1802 sclk 1992
  blk dq c_epi 3.0014 sclk 1960
  blk dq c_u2b 3.4710 sclk 1987
  blk dq c_u2fb 3.5347 sclk 2047
  blk full c_u2f 8.4817 sclk 1841
  blk full cur 8.2771 sclk 1838
  blk full c_ku2b 9.0220 sclk 1920
  blk full c_u2nb 8.9774 sclk 1918
  blk full r19h 8.5740 sclk 1869
  blk full c_epi 8.2708 sclk 1839
  blk full c_u2b 8.8011 sclk 1885
  blk full c_u2fb 8.8703 sclk 1912
kb5_proxy_blk_p1 rc=0 newdmesg=59 bad=0
  blk dq cur 0.1918 sclk 2008
  blk dq r19h 0.2018 sclk 2014
  blk dq c_u2nb 0.2340 sclk 2014
  blk dq c_u2b 0.2244 sclk 2014
  blk dq c_u2f 0.2029 sclk 2027
  blk dq c_u2fb 0.2303 sclk 2027
  blk dq c_epi 0.1846 sclk 2027
  blk dq c_ku2b 0.1898 sclk 2027
  blk full cur 0.5659 sclk 2016
  blk full r19h 0.5760 sclk 2014
  blk full c_u2nb 0.6071 sclk 2012
  blk full c_u2b 0.5981 sclk 2007
  blk full c_u2f 0.5769 sclk 2003
  blk full c_u2fb 0.5967 sclk 2003
  blk full c_epi 0.5545 sclk 2005
  blk full c_ku2b 0.6149 sclk 2005
kb5_proxy_blk_p2 rc=0 newdmesg=38 bad=0
  blk dq c_ku2b 0.1902 sclk 2013
  blk dq c_epi 0.1845 sclk 2013
  blk dq c_u2fb 0.2294 sclk 2013
  blk dq c_u2f 0.2034 sclk 2013
  blk dq c_u2b 0.2243 sclk 2025
  blk dq c_u2nb 0.2342 sclk 2025
  blk dq r19h 0.2011 sclk 2025
  blk dq cur 0.1878 sclk 2036
  blk full c_ku2b 0.6134 sclk 1972
  blk full c_epi 0.5570 sclk 1981
  blk full c_u2fb 0.6015 sclk 1981
  blk full c_u2f 0.5745 sclk 1985
  blk full c_u2b 0.5956 sclk 1985
  blk full c_u2nb 0.6075 sclk 1987
  blk full r19h 0.5770 sclk 1991
  blk full cur 0.5623 sclk 1995
kb5_proxy_blk_p3 rc=0 newdmesg=0 bad=0
  blk dq c_u2f 0.2075 sclk 2134
  blk dq cur 0.1898 sclk 2134
  blk dq c_ku2b 0.1915 sclk 2134
  blk dq c_u2nb 0.2327 sclk 2134
  blk dq r19h 0.1999 sclk 2132
  blk dq c_epi 0.1819 sclk 2132
  blk dq c_u2b 0.2234 sclk 2131
  blk dq c_u2fb 0.2284 sclk 2130
  blk full c_u2f 0.5773 sclk 2010
  blk full cur 0.5516 sclk 2010
  blk full c_ku2b 0.6201 sclk 2005
  blk full c_u2nb 0.6103 sclk 2007
  blk full r19h 0.5773 sclk 2007
  blk full c_epi 0.5592 sclk 2007
  blk full c_u2b 0.5990 sclk 2005
  blk full c_u2fb 0.6027 sclk 2001
STEP5 DONE
