[runjob] launched key=r4_power pid=3575952
=== MAXPOWER / limits ===
GPU[1]		: Max Graphics Package Power (W): 2500.0
GPU[1]		: Supported sclk frequencies on GPU1
GPU[1]		: 0: 500Mhz
GPU[1]		: 1: 2400Mhz *
=== IDLE (3 samples) ===
GPU[1]		: Temperature (Sensor junction) (C): 48.0|GPU[1]		: Temperature (Sensor memory) (C): 36.0|GPU[1]		: sclk clock level: 1 (2400Mhz)|GPU[1]		: Current Socket Graphics Package Power (W): 1122.0|
GPU[1]		: Temperature (Sensor junction) (C): 47.0|GPU[1]		: Temperature (Sensor memory) (C): 36.0|GPU[1]		: sclk clock level: 1 (2400Mhz)|GPU[1]		: Current Socket Graphics Package Power (W): 1122.0|
GPU[1]		: Temperature (Sensor junction) (C): 48.0|GPU[1]		: Temperature (Sensor memory) (C): 36.0|GPU[1]		: sclk clock level: 1 (2400Mhz)|GPU[1]		: Current Socket Graphics Package Power (W): 1122.0|
=== UNDER LOAD ===
t=1 GPU[1]		: Temperature (Sensor junction) (C): 47.0|GPU[1]		: Temperature (Sensor memory) (C): 35.0|GPU[1]		: sclk clock level: 1 (2400Mhz)|GPU[1]		: Current Socket Graphics Package Power (W): 1122.0|
t=2 GPU[1]		: Temperature (Sensor junction) (C): 48.0|GPU[1]		: Temperature (Sensor memory) (C): 36.0|GPU[1]		: sclk clock level: 1 (2400Mhz)|GPU[1]		: Current Socket Graphics Package Power (W): 1122.0|
t=3 GPU[1]		: Temperature (Sensor junction) (C): 48.0|GPU[1]		: Temperature (Sensor memory) (C): 36.0|GPU[1]		: sclk clock level: 1 (2400Mhz)|GPU[1]		: Current Socket Graphics Package Power (W): 1122.0|
t=4 GPU[1]		: Temperature (Sensor junction) (C): 48.0|GPU[1]		: Temperature (Sensor memory) (C): 36.0|GPU[1]		: sclk clock level: 1 (2400Mhz)|GPU[1]		: Current Socket Graphics Package Power (W): 1122.0|
t=5 GPU[1]		: Temperature (Sensor junction) (C): 48.0|GPU[1]		: Temperature (Sensor memory) (C): 36.0|GPU[1]		: sclk clock level: 1 (2400Mhz)|GPU[1]		: Current Socket Graphics Package Power (W): 1121.0|
t=6 GPU[1]		: Temperature (Sensor junction) (C): 48.0|GPU[1]		: Temperature (Sensor memory) (C): 36.0|GPU[1]		: sclk clock level: 1 (2400Mhz)|GPU[1]		: Current Socket Graphics Package Power (W): 1121.0|
t=7 GPU[1]		: Temperature (Sensor junction) (C): 48.0|GPU[1]		: Temperature (Sensor memory) (C): 36.0|GPU[1]		: sclk clock level: 1 (2400Mhz)|GPU[1]		: Current Socket Graphics Package Power (W): 1121.0|
t=8 GPU[1]		: Temperature (Sensor junction) (C): 48.0|GPU[1]		: Temperature (Sensor memory) (C): 36.0|GPU[1]		: sclk clock level: 1 (2400Mhz)|GPU[1]		: Current Socket Graphics Package Power (W): 1122.0|
t=9 GPU[1]		: Temperature (Sensor junction) (C): 48.0|GPU[1]		: Temperature (Sensor memory) (C): 36.0|GPU[1]		: sclk clock level: 1 (2400Mhz)|GPU[1]		: Current Socket Graphics Package Power (W): 1121.0|
t=10 GPU[1]		: Temperature (Sensor junction) (C): 48.0|GPU[1]		: Temperature (Sensor memory) (C): 36.0|GPU[1]		: sclk clock level: 1 (2400Mhz)|GPU[1]		: Current Socket Graphics Package Power (W): 1121.0|
t=11 GPU[1]		: Temperature (Sensor junction) (C): 48.0|GPU[1]		: Temperature (Sensor memory) (C): 36.0|GPU[1]		: sclk clock level: 1 (2400Mhz)|GPU[1]		: Current Socket Graphics Package Power (W): 1121.0|
t=12 GPU[1]		: Temperature (Sensor junction) (C): 47.0|GPU[1]		: Temperature (Sensor memory) (C): 36.0|GPU[1]		: sclk clock level: 1 (2400Mhz)|GPU[1]		: Current Socket Graphics Package Power (W): 1121.0|
t=13 GPU[1]		: Temperature (Sensor junction) (C): 47.0|GPU[1]		: Temperature (Sensor memory) (C): 35.0|GPU[1]		: sclk clock level: 1 (2400Mhz)|GPU[1]		: Current Socket Graphics Package Power (W): 1121.0|
t=14 GPU[1]		: Temperature (Sensor junction) (C): 47.0|GPU[1]		: Temperature (Sensor memory) (C): 35.0|GPU[1]		: sclk clock level: 1 (2400Mhz)|GPU[1]		: Current Socket Graphics Package Power (W): 1121.0|
t=15 GPU[1]		: Temperature (Sensor junction) (C): 47.0|GPU[1]		: Temperature (Sensor memory) (C): 36.0|GPU[1]		: sclk clock level: 1 (2400Mhz)|GPU[1]		: Current Socket Graphics Package Power (W): 1120.0|
t=16 GPU[1]		: Temperature (Sensor junction) (C): 47.0|GPU[1]		: Temperature (Sensor memory) (C): 36.0|GPU[1]		: sclk clock level: 1 (2400Mhz)|GPU[1]		: Current Socket Graphics Package Power (W): 1120.0|
t=17 GPU[1]		: Temperature (Sensor junction) (C): 47.0|GPU[1]		: Temperature (Sensor memory) (C): 35.0|GPU[1]		: sclk clock level: 1 (2400Mhz)|GPU[1]		: Current Socket Graphics Package Power (W): 1120.0|
t=18 GPU[1]		: Temperature (Sensor junction) (C): 47.0|GPU[1]		: Temperature (Sensor memory) (C): 36.0|GPU[1]		: sclk clock level: 1 (2400Mhz)|GPU[1]		: Current Socket Graphics Package Power (W): 1121.0|
t=19 GPU[1]		: Temperature (Sensor junction) (C): 47.0|GPU[1]		: Temperature (Sensor memory) (C): 36.0|GPU[1]		: sclk clock level: 1 (2400Mhz)|GPU[1]		: Current Socket Graphics Package Power (W): 1120.0|
t=20 GPU[1]		: Temperature (Sensor junction) (C): 47.0|GPU[1]		: Temperature (Sensor memory) (C): 35.0|GPU[1]		: sclk clock level: 1 (2400Mhz)|GPU[1]		: Current Socket Graphics Package Power (W): 1120.0|
t=21 GPU[1]		: Temperature (Sensor junction) (C): 47.0|GPU[1]		: Temperature (Sensor memory) (C): 36.0|GPU[1]		: sclk clock level: 1 (2400Mhz)|GPU[1]		: Current Socket Graphics Package Power (W): 1121.0|
t=22 GPU[1]		: Temperature (Sensor junction) (C): 47.0|GPU[1]		: Temperature (Sensor memory) (C): 36.0|GPU[1]		: sclk clock level: 1 (2400Mhz)|GPU[1]		: Current Socket Graphics Package Power (W): 1120.0|
t=23 GPU[1]		: Temperature (Sensor junction) (C): 47.0|GPU[1]		: Temperature (Sensor memory) (C): 35.0|GPU[1]		: sclk clock level: 1 (2400Mhz)|GPU[1]		: Current Socket Graphics Package Power (W): 1120.0|
t=24 GPU[1]		: Temperature (Sensor junction) (C): 47.0|GPU[1]		: Temperature (Sensor memory) (C): 35.0|GPU[1]		: sclk clock level: 1 (2400Mhz)|GPU[1]		: Current Socket Graphics Package Power (W): 1120.0|
t=25 GPU[1]		: Temperature (Sensor junction) (C): 47.0|GPU[1]		: Temperature (Sensor memory) (C): 36.0|GPU[1]		: sclk clock level: 1 (2400Mhz)|GPU[1]		: Current Socket Graphics Package Power (W): 1120.0|
t=26 GPU[1]		: Temperature (Sensor junction) (C): 47.0|GPU[1]		: Temperature (Sensor memory) (C): 36.0|GPU[1]		: sclk clock level: 1 (2400Mhz)|GPU[1]		: Current Socket Graphics Package Power (W): 1120.0|
t=27 GPU[1]		: Temperature (Sensor junction) (C): 47.0|GPU[1]		: Temperature (Sensor memory) (C): 36.0|GPU[1]		: sclk clock level: 1 (2400Mhz)|GPU[1]		: Current Socket Graphics Package Power (W): 1120.0|
t=28 GPU[1]		: Temperature (Sensor junction) (C): 47.0|GPU[1]		: Temperature (Sensor memory) (C): 35.0|GPU[1]		: sclk clock level: 1 (2400Mhz)|GPU[1]		: Current Socket Graphics Package Power (W): 1119.0|
t=29 GPU[1]		: Temperature (Sensor junction) (C): 47.0|GPU[1]		: Temperature (Sensor memory) (C): 36.0|GPU[1]		: sclk clock level: 1 (2400Mhz)|GPU[1]		: Current Socket Graphics Package Power (W): 1121.0|
t=30 GPU[1]		: Temperature (Sensor junction) (C): 47.0|GPU[1]		: Temperature (Sensor memory) (C): 36.0|GPU[1]		: sclk clock level: 1 (2400Mhz)|GPU[1]		: Current Socket Graphics Package Power (W): 1120.0|
t=31 GPU[1]		: Temperature (Sensor junction) (C): 47.0|GPU[1]		: Temperature (Sensor memory) (C): 35.0|GPU[1]		: sclk clock level: 1 (2400Mhz)|GPU[1]		: Current Socket Graphics Package Power (W): 1120.0|
t=32 GPU[1]		: Temperature (Sensor junction) (C): 47.0|GPU[1]		: Temperature (Sensor memory) (C): 36.0|GPU[1]		: sclk clock level: 1 (2400Mhz)|GPU[1]		: Current Socket Graphics Package Power (W): 1120.0|
t=33 GPU[1]		: Temperature (Sensor junction) (C): 47.0|GPU[1]		: Temperature (Sensor memory) (C): 35.0|GPU[1]		: sclk clock level: 1 (2400Mhz)|GPU[1]		: Current Socket Graphics Package Power (W): 1120.0|
t=34 GPU[1]		: Temperature (Sensor junction) (C): 47.0|GPU[1]		: Temperature (Sensor memory) (C): 36.0|GPU[1]		: sclk clock level: 1 (2400Mhz)|GPU[1]		: Current Socket Graphics Package Power (W): 1120.0|
t=35 GPU[1]		: Temperature (Sensor junction) (C): 47.0|GPU[1]		: Temperature (Sensor memory) (C): 35.0|GPU[1]		: sclk clock level: 1 (2400Mhz)|GPU[1]		: Current Socket Graphics Package Power (W): 1119.0|
t=36 GPU[1]		: Temperature (Sensor junction) (C): 47.0|GPU[1]		: Temperature (Sensor memory) (C): 36.0|GPU[1]		: sclk clock level: 1 (2400Mhz)|GPU[1]		: Current Socket Graphics Package Power (W): 1119.0|
t=37 GPU[1]		: Temperature (Sensor junction) (C): 47.0|GPU[1]		: Temperature (Sensor memory) (C): 35.0|GPU[1]		: sclk clock level: 1 (2400Mhz)|GPU[1]		: Current Socket Graphics Package Power (W): 1120.0|
t=38 GPU[1]		: Temperature (Sensor junction) (C): 47.0|GPU[1]		: Temperature (Sensor memory) (C): 36.0|GPU[1]		: sclk clock level: 1 (2400Mhz)|GPU[1]		: Current Socket Graphics Package Power (W): 1120.0|
t=39 GPU[1]		: Temperature (Sensor junction) (C): 47.0|GPU[1]		: Temperature (Sensor memory) (C): 35.0|GPU[1]		: sclk clock level: 1 (2400Mhz)|GPU[1]		: Current Socket Graphics Package Power (W): 1120.0|
t=40 GPU[1]		: Temperature (Sensor junction) (C): 47.0|GPU[1]		: Temperature (Sensor memory) (C): 35.0|GPU[1]		: sclk clock level: 1 (2400Mhz)|GPU[1]		: Current Socket Graphics Package Power (W): 1120.0|
t=41 GPU[1]		: Temperature (Sensor junction) (C): 47.0|GPU[1]		: Temperature (Sensor memory) (C): 35.0|GPU[1]		: sclk clock level: 1 (2400Mhz)|GPU[1]		: Current Socket Graphics Package Power (W): 1120.0|
t=42 GPU[1]		: Temperature (Sensor junction) (C): 47.0|GPU[1]		: Temperature (Sensor memory) (C): 36.0|GPU[1]		: sclk clock level: 1 (2400Mhz)|GPU[1]		: Current Socket Graphics Package Power (W): 1120.0|
t=43 GPU[1]		: Temperature (Sensor junction) (C): 47.0|GPU[1]		: Temperature (Sensor memory) (C): 36.0|GPU[1]		: sclk clock level: 1 (2400Mhz)|GPU[1]		: Current Socket Graphics Package Power (W): 1120.0|
t=44 GPU[1]		: Temperature (Sensor junction) (C): 47.0|GPU[1]		: Temperature (Sensor memory) (C): 36.0|GPU[1]		: sclk clock level: 1 (2400Mhz)|GPU[1]		: Current Socket Graphics Package Power (W): 1120.0|
t=45 GPU[1]		: Temperature (Sensor junction) (C): 47.0|GPU[1]		: Temperature (Sensor memory) (C): 36.0|GPU[1]		: sclk clock level: 1 (2400Mhz)|GPU[1]		: Current Socket Graphics Package Power (W): 1120.0|
t=46 GPU[1]		: Temperature (Sensor junction) (C): 47.0|GPU[1]		: Temperature (Sensor memory) (C): 36.0|GPU[1]		: sclk clock level: 1 (2400Mhz)|GPU[1]		: Current Socket Graphics Package Power (W): 1119.0|
t=47 GPU[1]		: Temperature (Sensor junction) (C): 47.0|GPU[1]		: Temperature (Sensor memory) (C): 36.0|GPU[1]		: sclk clock level: 1 (2400Mhz)|GPU[1]		: Current Socket Graphics Package Power (W): 1120.0|
t=48 GPU[1]		: Temperature (Sensor junction) (C): 47.0|GPU[1]		: Temperature (Sensor memory) (C): 35.0|GPU[1]		: sclk clock level: 1 (2400Mhz)|GPU[1]		: Current Socket Graphics Package Power (W): 1120.0|
t=49 GPU[1]		: Temperature (Sensor junction) (C): 47.0|GPU[1]		: Temperature (Sensor memory) (C): 36.0|GPU[1]		: sclk clock level: 1 (2400Mhz)|GPU[1]		: Current Socket Graphics Package Power (W): 1120.0|
t=50 GPU[1]		: Temperature (Sensor junction) (C): 47.0|GPU[1]		: Temperature (Sensor memory) (C): 35.0|GPU[1]		: sclk clock level: 1 (2400Mhz)|GPU[1]		: Current Socket Graphics Package Power (W): 1120.0|
t=51 GPU[1]		: Temperature (Sensor junction) (C): 47.0|GPU[1]		: Temperature (Sensor memory) (C): 36.0|GPU[1]		: sclk clock level: 1 (2400Mhz)|GPU[1]		: Current Socket Graphics Package Power (W): 1121.0|
t=52 GPU[1]		: Temperature (Sensor junction) (C): 47.0|GPU[1]		: Temperature (Sensor memory) (C): 36.0|GPU[1]		: sclk clock level: 1 (2400Mhz)|GPU[1]		: Current Socket Graphics Package Power (W): 1120.0|
t=53 GPU[1]		: Temperature (Sensor junction) (C): 47.0|GPU[1]		: Temperature (Sensor memory) (C): 36.0|GPU[1]		: sclk clock level: 1 (2400Mhz)|GPU[1]		: Current Socket Graphics Package Power (W): 1120.0|
t=54 GPU[1]		: Temperature (Sensor junction) (C): 47.0|GPU[1]		: Temperature (Sensor memory) (C): 36.0|GPU[1]		: sclk clock level: 1 (2400Mhz)|GPU[1]		: Current Socket Graphics Package Power (W): 1120.0|
t=55 GPU[1]		: Temperature (Sensor junction) (C): 47.0|GPU[1]		: Temperature (Sensor memory) (C): 35.0|GPU[1]		: sclk clock level: 1 (2400Mhz)|GPU[1]		: Current Socket Graphics Package Power (W): 1120.0|
t=56 GPU[1]		: Temperature (Sensor junction) (C): 47.0|GPU[1]		: Temperature (Sensor memory) (C): 36.0|GPU[1]		: sclk clock level: 1 (2400Mhz)|GPU[1]		: Current Socket Graphics Package Power (W): 1120.0|
t=57 GPU[1]		: Temperature (Sensor junction) (C): 47.0|GPU[1]		: Temperature (Sensor memory) (C): 35.0|GPU[1]		: sclk clock level: 1 (2400Mhz)|GPU[1]		: Current Socket Graphics Package Power (W): 1121.0|
t=58 GPU[1]		: Temperature (Sensor junction) (C): 47.0|GPU[1]		: Temperature (Sensor memory) (C): 36.0|GPU[1]		: sclk clock level: 1 (2400Mhz)|GPU[1]		: Current Socket Graphics Package Power (W): 1121.0|
t=59 GPU[1]		: Temperature (Sensor junction) (C): 47.0|GPU[1]		: Temperature (Sensor memory) (C): 36.0|GPU[1]		: sclk clock level: 1 (2400Mhz)|GPU[1]		: Current Socket Graphics Package Power (W): 1121.0|
t=60 GPU[1]		: Temperature (Sensor junction) (C): 47.0|GPU[1]		: Temperature (Sensor memory) (C): 35.0|GPU[1]		: sclk clock level: 1 (2400Mhz)|GPU[1]		: Current Socket Graphics Package Power (W): 1121.0|
=== LOAD OUTPUT ===
LOADSTART
LOADDONE iters=8040 mean_ms=8.7249
