$ python validation.py /home/lihuzhan/code/2026_0910__op-evolve/op-evolve/artifacts/gfx1250-flydsl-attn-bwd-20260917-115934/rounds/029/op
(cwd /home/lihuzhan/code/2026_0910__op-evolve/op-evolve/artifacts/gfx1250-flydsl-attn-bwd-20260917-115934/job_context/op)
exit 2

--- stdout ---
validation.py  impl=/home/lihuzhan/code/2026_0910__op-evolve/op-evolve/artifacts/gfx1250-flydsl-attn-bwd-20260917-115934/rounds/029/op
  gate 50.0 dB vs op/eager/ | dk,dv bitwise x200, dq >= 70 dB run-to-run | geomean speedup vs beat >= 1.00 | shapes ['fast', 'proxy', 'prod']

  correctness fast     dq  52.61 dB  dk  52.65 dB  dv  52.83 dB
  correctness proxy    dq  52.52 dB  dk  52.57 dB  dv  52.67 dB
  correctness prod     dq  52.56 dB  dk  52.60 dB  dv  52.71 dB
  determinism fast: dk/dv bitwise identical across 200 runs; dq bitwise (floor 70 dB)

$ /opt/venv/bin/python /home/lihuzhan/code/2026_0910__op-evolve/op-evolve/artifacts/gfx1250-flydsl-attn-bwd-20260917-115934/job_context/op/benchmark.py --arm-path candidate=/home/lihuzhan/code/2026_0910__op-evolve/op-evolve/artifacts/gfx1250-flydsl-attn-bwd-20260917-115934/rounds/029/op --arms beat --shapes fast --json /tmp/validation-ksyr9d_h/bench_fast.json
# arm candidate -> /home/lihuzhan/code/2026_0910__op-evolve/op-evolve/artifacts/gfx1250-flydsl-attn-bwd-20260917-115934/rounds/029/op md5=c6b95c2c
# arm beat -> /home/lihuzhan/code/2026_0910__op-evolve/op-evolve/artifacts/gfx1250-flydsl-attn-bwd-20260917-115934/job_context/op/beat md5=2802a918
# statistic median  iters 51  warmup 3.0s continuous  order blocked 9+lead 4, palindromic rounds  device gfx1250
RESULT shape=fast arm=candidate stat=median iters=54 latency_ms=0.05512300133705139 min_ms=0.053720999509096146 max_ms=0.07318899780511856 tflops=97.4901922908877 bw_gbs=190.22476544563452 flop=5373952000.0 bytes_min=10485760 sclk_start=2330 sclk_end=2326 causal=True order=blocked9+lead4
RESULT shape=fast arm=beat stat=median iters=54 latency_ms=0.09221800044178963 min_ms=0.08793199807405472 max_ms=0.18199199438095093 tflops=58.27443638177968 bw_gbs=113.70621733030183 flop=5373952000.0 bytes_min=10485760 sclk_start=2330 sclk_end=2326 causal=True order=blocked9+lead4
$ /opt/venv/bin/python /home/lihuzhan/code/2026_0910__op-evolve/op-evolve/artifacts/gfx1250-flydsl-attn-bwd-20260917-115934/job_context/op/benchmark.py --arm-path candidate=/home/lihuzhan/code/2026_0910__op-evolve/op-evolve/artifacts/gfx1250-flydsl-attn-bwd-20260917-115934/rounds/029/op --arms beat --shapes proxy --json /tmp/validation-ksyr9d_h/bench_proxy.json
# arm candidate -> /home/lihuzhan/code/2026_0910__op-evolve/op-evolve/artifacts/gfx1250-flydsl-attn-bwd-20260917-115934/rounds/029/op md5=c6b95c2c
# arm beat -> /home/lihuzhan/code/2026_0910__op-evolve/op-evolve/artifacts/gfx1250-flydsl-attn-bwd-20260917-115934/job_context/op/beat md5=2802a918
# statistic median  iters 51  warmup 3.0s continuous  order blocked 9+lead 4, palindromic rounds  device gfx1250
RESULT shape=proxy arm=candidate stat=median iters=54 latency_ms=0.5703345239162445 min_ms=0.5555920004844666 max_ms=0.5931689739227295 tflops=602.595942114966 bw_gbs=294.164482360247 flop=343681269760.0 bytes_min=167772160 sclk_start=1884 sclk_end=1920 causal=True order=blocked9+lead4
RESULT shape=proxy arm=beat stat=median iters=54 latency_ms=0.4567044973373413 min_ms=0.44510599970817566 max_ms=0.5100439786911011 tflops=752.5243823166086 bw_gbs=367.3538600520423 flop=343681269760.0 bytes_min=167772160 sclk_start=1884 sclk_end=1920 causal=True order=blocked9+lead4
$ /opt/venv/bin/python /home/lihuzhan/code/2026_0910__op-evolve/op-evolve/artifacts/gfx1250-flydsl-attn-bwd-20260917-115934/job_context/op/benchmark.py --arm-path candidate=/home/lihuzhan/code/2026_0910__op-evolve/op-evolve/artifacts/gfx1250-flydsl-attn-bwd-20260917-115934/rounds/029/op --arms beat --shapes prod --json /tmp/validation-ksyr9d_h/bench_prod.json
# arm candidate -> /home/lihuzhan/code/2026_0910__op-evolve/op-evolve/artifacts/gfx1250-flydsl-attn-bwd-20260917-115934/rounds/029/op md5=c6b95c2c
# arm beat -> /home/lihuzhan/code/2026_0910__op-evolve/op-evolve/artifacts/gfx1250-flydsl-attn-bwd-20260917-115934/job_context/op/beat md5=2802a918
# statistic median  iters 51  warmup 3.0s continuous  order blocked 9+lead 4, palindromic rounds  device gfx1250
RESULT shape=prod arm=candidate stat=median iters=54 latency_ms=8.368134021759033 min_ms=8.329155921936035 max_ms=8.406591415405273 tflops=657.0436387877353 bw_gbs=160.39146558958504 flop=5498229227520.0 bytes_min=1342177280 sclk_start=1763 sclk_end=1789 causal=True order=blocked9+lead4
RESULT shape=prod arm=beat stat=median iters=54 latency_ms=6.724231481552124 min_ms=6.613986968994141 max_ms=6.7967000007629395 tflops=817.673996293011 bw_gbs=199.60307489149545 flop=5498229227520.0 bytes_min=1342177280 sclk_start=1763 sclk_end=1789 causal=True order=blocked9+lead4

  shape     candidate ms     TF/s    beat ms     TF/s   x beat
  fast            0.0551     97.5     0.0922     58.3    1.673
  proxy           0.5703    602.6     0.4567    752.5    0.801
  prod            8.3681    657.0     6.7242    817.7    0.804
  geomean over 3 shapes (op.shape.mode=sweep): 1.025x beat (reported only)
  target: proxy and prod each >= 1.00x beat -> min 0.801x

  correctness  pass
  determinism  pass
  speed        FAIL
RESULT: FAILED

--- stderr ---
[aiter] import [module_aiter_core] under /home/lihuzhan/code/aiter-src/aiter/jit/module_aiter_core.so
[aiter] import [module_aiter_core] under /home/lihuzhan/code/aiter-src/aiter/jit/module_aiter_core.so
[aiter] import [module_aiter_core] under /home/lihuzhan/code/aiter-src/aiter/jit/module_aiter_core.so
[aiter] import [module_aiter_core] under /home/lihuzhan/code/aiter-src/aiter/jit/module_aiter_core.so

