[aiter] WARNING: NUMA balancing is enabled, which may cause errors. It is recommended to disable NUMA balancing by running "sudo sh -c 'echo 0 > /proc/sys/kernel/numa_balancing'" for more details: https://rocm.docs.amd.com/en/latest/how-to/system-optimization/mi300x.html#disable-numa-auto-balancing
[aiter] import [module_aiter_core] under /home/lihuzhan/code/aiter-src/aiter/jit/module_aiter_core.so
# arm base -> /home/lihuzhan/code/2026_0903__turbo/Primus-Turbo/output/0930__roofline/m8/arms/base  impl=/home/lihuzhan/code/2026_0903__turbo/Primus-Turbo/output/0930__roofline/m8/arms/base/impl.py kernel=/home/lihuzhan/code/2026_0903__turbo/Primus-Turbo/output/0930__roofline/m8/arms/base/flydsl_fwd/fmha_fwd_prefill_a16w16_m32x8.py md5=86cd31c8 O_VARIANT=v3
# arm noexp -> /home/lihuzhan/code/2026_0903__turbo/Primus-Turbo/output/0930__roofline/m8/arms/noexp  impl=/home/lihuzhan/code/2026_0903__turbo/Primus-Turbo/output/0930__roofline/m8/arms/noexp/impl.py kernel=/home/lihuzhan/code/2026_0903__turbo/Primus-Turbo/output/0930__roofline/m8/arms/noexp/flydsl_fwd/fmha_fwd_prefill_a16w16_m32x8.py md5=a155a9b6 O_VARIANT=v3
# arm nosm -> /home/lihuzhan/code/2026_0903__turbo/Primus-Turbo/output/0930__roofline/m8/arms/nosm  impl=/home/lihuzhan/code/2026_0903__turbo/Primus-Turbo/output/0930__roofline/m8/arms/nosm/impl.py kernel=/home/lihuzhan/code/2026_0903__turbo/Primus-Turbo/output/0930__roofline/m8/arms/nosm/flydsl_fwd/fmha_fwd_prefill_a16w16_m32x8.py md5=5e8cd2da O_VARIANT=v3
# arm nomask -> /home/lihuzhan/code/2026_0903__turbo/Primus-Turbo/output/0930__roofline/m8/arms/nomask  impl=/home/lihuzhan/code/2026_0903__turbo/Primus-Turbo/output/0930__roofline/m8/arms/nomask/impl.py kernel=/home/lihuzhan/code/2026_0903__turbo/Primus-Turbo/output/0930__roofline/m8/arms/nomask/flydsl_fwd/fmha_fwd_prefill_a16w16_m32x8.py md5=481b26bd O_VARIANT=v3
# arm nobar -> /home/lihuzhan/code/2026_0903__turbo/Primus-Turbo/output/0930__roofline/m8/arms/nobar  impl=/home/lihuzhan/code/2026_0903__turbo/Primus-Turbo/output/0930__roofline/m8/arms/nobar/impl.py kernel=/home/lihuzhan/code/2026_0903__turbo/Primus-Turbo/output/0930__roofline/m8/arms/nobar/flydsl_fwd/fmha_fwd_prefill_a16w16_m32x8.py md5=39e6396c O_VARIANT=v3
# arm wl -> /home/lihuzhan/code/2026_0903__turbo/Primus-Turbo/output/0930__roofline/m8/arms/wl  impl=/home/lihuzhan/code/2026_0903__turbo/Primus-Turbo/output/0930__roofline/m8/arms/wl/impl.py kernel=/home/lihuzhan/code/2026_0903__turbo/Primus-Turbo/output/0930__roofline/m8/arms/wl/flydsl_fwd/fmha_fwd_prefill_a16w16_m32x8.py md5=ec611523 O_VARIANT=v3
# arm asm -> /home/lihuzhan/code/2026_0903__turbo/Primus-Turbo/output/0927__b0/fwd-nospec/harness/beat  impl=/home/lihuzhan/code/2026_0903__turbo/Primus-Turbo/output/0927__b0/fwd-nospec/harness/beat/impl.py
# ENV TORCH_BLAS_PREFER_HIPBLASLT=1 HIPBLASLT_TENSILE_LIBPATH=/home/lihuzhan/.local/hipblaslt-gfx1250/gfx1250
# statistic median  iters 21  warmup 1.0s continuous  order blocked 9+lead 4, palindromic rounds  device gfx1250
/home/lihuzhan/.local/flydsl0341/flydsl/compiler/jit_function.py:1681: UserWarning: @jit parameter 'ptr_O' is annotated as 'Pointer', but the argument resolves to 'Tensor'. The annotation is not enforced; the actual value type is used.
  jf(*args)
/home/lihuzhan/.local/flydsl0341/flydsl/compiler/jit_function.py:1681: UserWarning: @jit parameter 'ptr_Q' is annotated as 'Pointer', but the argument resolves to 'Tensor'. The annotation is not enforced; the actual value type is used.
  jf(*args)
/home/lihuzhan/.local/flydsl0341/flydsl/compiler/jit_function.py:1681: UserWarning: @jit parameter 'ptr_K' is annotated as 'Pointer', but the argument resolves to 'Tensor'. The annotation is not enforced; the actual value type is used.
  jf(*args)
/home/lihuzhan/.local/flydsl0341/flydsl/compiler/jit_function.py:1681: UserWarning: @jit parameter 'ptr_V' is annotated as 'Pointer', but the argument resolves to 'Tensor'. The annotation is not enforced; the actual value type is used.
  jf(*args)
/home/lihuzhan/.local/flydsl0341/flydsl/compiler/jit_function.py:1681: UserWarning: @jit parameter 'ptr_LSE' is annotated as 'Pointer', but the argument resolves to 'Tensor'. The annotation is not enforced; the actual value type is used.
  jf(*args)
/home/lihuzhan/.local/flydsl0341/flydsl/compiler/jit_function.py:1681: UserWarning: @jit parameter 'ptr_sink' is annotated as 'Pointer', but the argument resolves to 'Tensor'. The annotation is not enforced; the actual value type is used.
  jf(*args)
/home/lihuzhan/.local/flydsl0341/flydsl/compiler/kernel_function.py:360: UserWarning: @kernel parameter 'ptr_O' is annotated as 'Pointer', but the argument resolves to 'Tensor'. The annotation is not enforced; the actual value type is used.
  kernel_name, kernel_args, gpu_func_op, smem_bytes = self._kernel_function._emit_kernel(
/home/lihuzhan/.local/flydsl0341/flydsl/compiler/kernel_function.py:360: UserWarning: @kernel parameter 'ptr_Q' is annotated as 'Pointer', but the argument resolves to 'Tensor'. The annotation is not enforced; the actual value type is used.
  kernel_name, kernel_args, gpu_func_op, smem_bytes = self._kernel_function._emit_kernel(
/home/lihuzhan/.local/flydsl0341/flydsl/compiler/kernel_function.py:360: UserWarning: @kernel parameter 'ptr_K' is annotated as 'Pointer', but the argument resolves to 'Tensor'. The annotation is not enforced; the actual value type is used.
  kernel_name, kernel_args, gpu_func_op, smem_bytes = self._kernel_function._emit_kernel(
/home/lihuzhan/.local/flydsl0341/flydsl/compiler/kernel_function.py:360: UserWarning: @kernel parameter 'ptr_V' is annotated as 'Pointer', but the argument resolves to 'Tensor'. The annotation is not enforced; the actual value type is used.
  kernel_name, kernel_args, gpu_func_op, smem_bytes = self._kernel_function._emit_kernel(
/home/lihuzhan/.local/flydsl0341/flydsl/compiler/kernel_function.py:360: UserWarning: @kernel parameter 'ptr_LSE' is annotated as 'Pointer', but the argument resolves to 'Tensor'. The annotation is not enforced; the actual value type is used.
  kernel_name, kernel_args, gpu_func_op, smem_bytes = self._kernel_function._emit_kernel(
/home/lihuzhan/.local/flydsl0341/flydsl/compiler/kernel_function.py:360: UserWarning: @kernel parameter 'ptr_sink' is annotated as 'Pointer', but the argument resolves to 'Tensor'. The annotation is not enforced; the actual value type is used.
  kernel_name, kernel_args, gpu_func_op, smem_bytes = self._kernel_function._emit_kernel(
[aiter] LoadKernel: _ZN5aiter41fmha_bf16_pertokenBf16_hd128_128x256_maskE hsaco: /home/lihuzhan/code/aiter-src/hsa//gfx1250/fmha_fwd_bf16/fmha_bf16_pertokenBf16_hd128_128x256_mask.co
RESULT shape=proxy arm=base stat=median iters=21 latency_ms=0.11943 min_ms=0.11778 max_ms=0.12459 tflops=1151.05 bw_gbs=702.38 flop=137472507904.0 bytes_min=83886080 sclk_start=1504 sclk_end=1756 causal=True order=blocked9+lead4
RESULT shape=proxy arm=noexp stat=median iters=21 latency_ms=0.1194 min_ms=0.11695 max_ms=0.1213 tflops=1151.34 bw_gbs=702.55 flop=137472507904.0 bytes_min=83886080 sclk_start=1504 sclk_end=1756 causal=True order=blocked9+lead4
RESULT shape=proxy arm=nosm stat=median iters=21 latency_ms=0.10988 min_ms=0.10854 max_ms=0.11373 tflops=1251.09 bw_gbs=763.42 flop=137472507904.0 bytes_min=83886080 sclk_start=1504 sclk_end=1756 causal=True order=blocked9+lead4
RESULT shape=proxy arm=nomask stat=median iters=21 latency_ms=0.11883 min_ms=0.11009 max_ms=0.12303 tflops=1156.84 bw_gbs=705.91 flop=137472507904.0 bytes_min=83886080 sclk_start=1504 sclk_end=1756 causal=True order=blocked9+lead4
RESULT shape=proxy arm=nobar stat=median iters=21 latency_ms=0.1168 min_ms=0.1142 max_ms=0.11932 tflops=1177.01 bw_gbs=718.22 flop=137472507904.0 bytes_min=83886080 sclk_start=1504 sclk_end=1756 causal=True order=blocked9+lead4
RESULT shape=proxy arm=wl stat=median iters=21 latency_ms=0.1102 min_ms=0.10832 max_ms=0.11236 tflops=1247.47 bw_gbs=761.21 flop=137472507904.0 bytes_min=83886080 sclk_start=1504 sclk_end=1756 causal=True order=blocked9+lead4
RESULT shape=proxy arm=asm stat=median iters=21 latency_ms=0.11806 min_ms=0.11637 max_ms=0.12334 tflops=1164.41 bw_gbs=710.53 flop=137472507904.0 bytes_min=83886080 sclk_start=1504 sclk_end=1756 causal=True order=blocked9+lead4
rc=0
