MB2 base wps=1 ev_ms=0.3547 cyc=631804 f_rt=1861 cyc_per_wmma_simd=9.641
MB2 base wps=2 ev_ms=0.3711 cyc=564794 f_rt=1630 cyc_per_wmma_simd=8.618
MB2 fma1 wps=1 ev_ms=0.3776 cyc=648212 f_rt=1720 cyc_per_wmma_simd=9.891
MB2 fma1 wps=2 ev_ms=0.3619 cyc=576112 f_rt=1671 cyc_per_wmma_simd=8.791
MB2 fma2 wps=1 ev_ms=0.3851 cyc=656486 f_rt=1783 cyc_per_wmma_simd=10.017
MB2 fma2 wps=2 ev_ms=0.3746 cyc=584360 f_rt=1672 cyc_per_wmma_simd=8.917
MB2 fma4 wps=1 ev_ms=0.4179 cyc=697426 f_rt=1822 cyc_per_wmma_simd=10.642
MB2 fma4 wps=2 ev_ms=0.3981 cyc=612352 f_rt=1612 cyc_per_wmma_simd=9.344
MB2 fma8 wps=1 ev_ms=0.5705 cyc=1066006 f_rt=1929 cyc_per_wmma_simd=16.266
MB2 fma8 wps=2 ev_ms=0.5562 cyc=997649 f_rt=1912 cyc_per_wmma_simd=15.223
MB2 add1 wps=1 ev_ms=0.3531 cyc=648210 f_rt=1868 cyc_per_wmma_simd=9.891
MB2 add1 wps=2 ev_ms=0.3435 cyc=571004 f_rt=1738 cyc_per_wmma_simd=8.713
MB2 add2 wps=1 ev_ms=0.3685 cyc=656445 f_rt=1850 cyc_per_wmma_simd=10.017
MB2 add2 wps=2 ev_ms=0.3453 cyc=574111 f_rt=1743 cyc_per_wmma_simd=8.760
MB2 add4 wps=1 ev_ms=0.3968 cyc=689154 f_rt=1826 cyc_per_wmma_simd=10.516
MB2 add4 wps=2 ev_ms=0.3671 cyc=587878 f_rt=1682 cyc_per_wmma_simd=8.970
MB2 add8 wps=1 ev_ms=0.5356 cyc=1016831 f_rt=1952 cyc_per_wmma_simd=15.516
MB2 add8 wps=2 ev_ms=0.5208 cyc=931281 f_rt=1862 cyc_per_wmma_simd=14.210
MB2 mul1 wps=1 ev_ms=0.3600 cyc=648201 f_rt=1870 cyc_per_wmma_simd=9.891
MB2 mul1 wps=2 ev_ms=0.3470 cyc=576143 f_rt=1771 cyc_per_wmma_simd=8.791
MB2 mul2 wps=1 ev_ms=0.3679 cyc=656484 f_rt=1855 cyc_per_wmma_simd=10.017
MB2 mul2 wps=2 ev_ms=0.3429 cyc=584327 f_rt=1777 cyc_per_wmma_simd=8.916
MB2 mul4 wps=1 ev_ms=0.4055 cyc=697395 f_rt=1745 cyc_per_wmma_simd=10.641
MB2 mul4 wps=2 ev_ms=0.3638 cyc=604135 f_rt=1728 cyc_per_wmma_simd=9.218
MB2 mul8 wps=1 ev_ms=0.5596 cyc=1066126 f_rt=1965 cyc_per_wmma_simd=16.268
MB2 mul8 wps=2 ev_ms=0.5201 cyc=989434 f_rt=1966 cyc_per_wmma_simd=15.098
MB2 max1 wps=1 ev_ms=0.3598 cyc=648251 f_rt=1855 cyc_per_wmma_simd=9.892
MB2 max1 wps=2 ev_ms=0.3427 cyc=570995 f_rt=1763 cyc_per_wmma_simd=8.713
MB2 max2 wps=1 ev_ms=0.3686 cyc=656415 f_rt=1845 cyc_per_wmma_simd=10.016
MB2 max2 wps=2 ev_ms=0.3506 cyc=574126 f_rt=1772 cyc_per_wmma_simd=8.760
MB2 max4 wps=1 ev_ms=0.3917 cyc=689224 f_rt=1799 cyc_per_wmma_simd=10.517
MB2 max4 wps=2 ev_ms=0.3611 cyc=587756 f_rt=1691 cyc_per_wmma_simd=8.968
MB2 max8 wps=1 ev_ms=0.5271 cyc=1016866 f_rt=1962 cyc_per_wmma_simd=15.516
MB2 max8 wps=2 ev_ms=0.5177 cyc=931265 f_rt=1861 cyc_per_wmma_simd=14.210
MB2 exp1 wps=1 ev_ms=0.3613 cyc=648225 f_rt=1858 cyc_per_wmma_simd=9.891
MB2 exp1 wps=2 ev_ms=0.3302 cyc=571077 f_rt=1818 cyc_per_wmma_simd=8.714
MB2 exp2 wps=1 ev_ms=0.3859 cyc=681088 f_rt=1800 cyc_per_wmma_simd=10.393
MB2 exp2 wps=2 ev_ms=0.3332 cyc=580954 f_rt=1825 cyc_per_wmma_simd=8.865
MB2 exp4 wps=1 ev_ms=0.4973 cyc=951399 f_rt=1972 cyc_per_wmma_simd=14.517
MB2 exp4 wps=2 ev_ms=0.4619 cyc=848565 f_rt=1902 cyc_per_wmma_simd=12.948
MB2 exp8 wps=1 ev_ms=0.7222 cyc=1475742 f_rt=2086 cyc_per_wmma_simd=22.518
MB2 exp8 wps=2 ev_ms=0.6882 cyc=1387141 f_rt=2080 cyc_per_wmma_simd=21.166
MB2 cvt1 wps=1 ev_ms=0.3639 cyc=648309 f_rt=1846 cyc_per_wmma_simd=9.892
MB2 cvt1 wps=2 ev_ms=0.3394 cyc=571093 f_rt=1770 cyc_per_wmma_simd=8.714
MB2 cvt2 wps=1 ev_ms=0.3688 cyc=656423 f_rt=1852 cyc_per_wmma_simd=10.016
MB2 cvt2 wps=2 ev_ms=0.3387 cyc=574132 f_rt=1778 cyc_per_wmma_simd=8.761
MB2 cvt4 wps=1 ev_ms=0.4051 cyc=689211 f_rt=1757 cyc_per_wmma_simd=10.517
MB2 cvt4 wps=2 ev_ms=0.3763 cyc=587777 f_rt=1652 cyc_per_wmma_simd=8.969
MB2 cvt8 wps=1 ev_ms=0.5440 cyc=1016935 f_rt=1917 cyc_per_wmma_simd=15.517
MB2 cvt8 wps=2 ev_ms=0.5224 cyc=931275 f_rt=1871 cyc_per_wmma_simd=14.210
MB2 pkfma1 wps=1 ev_ms=0.3655 cyc=648421 f_rt=1824 cyc_per_wmma_simd=9.894
MB2 pkfma1 wps=2 ev_ms=0.3730 cyc=612141 f_rt=1709 cyc_per_wmma_simd=9.341
MB2 pkfma2 wps=1 ev_ms=0.3779 cyc=672853 f_rt=1813 cyc_per_wmma_simd=10.267
MB2 pkfma2 wps=2 ev_ms=0.4115 cyc=641752 f_rt=1636 cyc_per_wmma_simd=9.792
MB2 pkfma4 wps=1 ev_ms=0.4367 cyc=762926 f_rt=1816 cyc_per_wmma_simd=11.641
MB2 pkfma4 wps=2 ev_ms=0.4368 cyc=706688 f_rt=1647 cyc_per_wmma_simd=10.783
MB2 pkfma8 wps=1 ev_ms=0.6501 cyc=1164423 f_rt=1832 cyc_per_wmma_simd=17.768
MB2 pkfma8 wps=2 ev_ms=0.6032 cyc=1090360 f_rt=1886 cyc_per_wmma_simd=16.638
MB2 pkmul1 wps=1 ev_ms=0.3616 cyc=648291 f_rt=1845 cyc_per_wmma_simd=9.892
MB2 pkmul1 wps=2 ev_ms=0.3716 cyc=591607 f_rt=1647 cyc_per_wmma_simd=9.027
MB2 pkmul2 wps=1 ev_ms=0.3747 cyc=656533 f_rt=1803 cyc_per_wmma_simd=10.018
MB2 pkmul2 wps=2 ev_ms=0.3866 cyc=594701 f_rt=1608 cyc_per_wmma_simd=9.074
MB2 pkmul4 wps=1 ev_ms=0.4345 cyc=754789 f_rt=1769 cyc_per_wmma_simd=11.517
MB2 pkmul4 wps=2 ev_ms=0.4383 cyc=692989 f_rt=1647 cyc_per_wmma_simd=10.574
MB2 pkmul8 wps=1 ev_ms=0.6168 cyc=1156268 f_rt=1915 cyc_per_wmma_simd=17.643
MB2 pkmul8 wps=2 ev_ms=0.6167 cyc=1086233 f_rt=1837 cyc_per_wmma_simd=16.575
MB2 nop1 wps=1 ev_ms=0.3680 cyc=681112 f_rt=1923 cyc_per_wmma_simd=10.393
MB2 nop1 wps=2 ev_ms=0.3269 cyc=580901 f_rt=1865 cyc_per_wmma_simd=8.864
MB2 nop2 wps=1 ev_ms=0.3738 cyc=689133 f_rt=1893 cyc_per_wmma_simd=10.515
MB2 nop2 wps=2 ev_ms=0.3336 cyc=585128 f_rt=1842 cyc_per_wmma_simd=8.928
MB2 nop4 wps=1 ev_ms=0.3814 cyc=722055 f_rt=1943 cyc_per_wmma_simd=11.018
MB2 nop4 wps=2 ev_ms=0.3350 cyc=601434 f_rt=1880 cyc_per_wmma_simd=9.177
MB2 nop8 wps=1 ev_ms=0.5264 cyc=1049636 f_rt=2016 cyc_per_wmma_simd=16.016
MB2 nop8 wps=2 ev_ms=0.4699 cyc=928450 f_rt=2034 cyc_per_wmma_simd=14.167
MB2 salu1 wps=1 ev_ms=0.3456 cyc=640035 f_rt=1903 cyc_per_wmma_simd=9.766
MB2 salu1 wps=2 ev_ms=0.3344 cyc=567916 f_rt=1783 cyc_per_wmma_simd=8.666
MB2 salu2 wps=1 ev_ms=0.3523 cyc=656397 f_rt=1890 cyc_per_wmma_simd=10.016
MB2 salu2 wps=2 ev_ms=0.3265 cyc=574149 f_rt=1814 cyc_per_wmma_simd=8.761
MB2 salu4 wps=1 ev_ms=0.3669 cyc=689189 f_rt=1927 cyc_per_wmma_simd=10.516
MB2 salu4 wps=2 ev_ms=0.3262 cyc=585072 f_rt=1875 cyc_per_wmma_simd=8.927
MB2 salu8 wps=1 ev_ms=0.5860 cyc=1213406 f_rt=2111 cyc_per_wmma_simd=18.515
MB2 salu8 wps=2 ev_ms=0.5244 cyc=1062073 f_rt=2087 cyc_per_wmma_simd=16.206
MBDONE
rc=0
