MB2 base wps=1 ev_ms=0.0589 cyc=1326 f_rt=2210 cyc_per_wmma_simd=10.359
MB2 fma1 wps=1 ev_ms=0.0695 cyc=2281 f_rt=2376 cyc_per_wmma_simd=17.820
MB2 fma2 wps=1 ev_ms=0.0594 cyc=1988 f_rt=2367 cyc_per_wmma_simd=15.531
MB2 fma4 wps=1 ev_ms=0.0377 cyc=2095 f_rt=2277 cyc_per_wmma_simd=16.367
MB2 fma8 wps=1 ev_ms=0.0188 cyc=4554 f_rt=2323 cyc_per_wmma_simd=35.578
MB2 add1 wps=1 ev_ms=0.0568 cyc=2391 f_rt=2391 cyc_per_wmma_simd=18.680
MB2 add2 wps=1 ev_ms=0.0565 cyc=2184 f_rt=2374 cyc_per_wmma_simd=17.062
MB2 add4 wps=1 ev_ms=0.0555 cyc=2061 f_rt=2342 cyc_per_wmma_simd=16.102
MB2 add8 wps=1 ev_ms=0.0414 cyc=2788 f_rt=2323 cyc_per_wmma_simd=21.781
MB2 mul1 wps=1 ev_ms=0.0474 cyc=2408 f_rt=2315 cyc_per_wmma_simd=18.812
MB2 mul2 wps=1 ev_ms=0.0586 cyc=2131 f_rt=2316 cyc_per_wmma_simd=16.648
MB2 mul4 wps=1 ev_ms=0.0471 cyc=2484 f_rt=2388 cyc_per_wmma_simd=19.406
MB2 mul8 wps=1 ev_ms=0.0468 cyc=3081 f_rt=2334 cyc_per_wmma_simd=24.070
MB2 max1 wps=1 ev_ms=0.0542 cyc=2060 f_rt=2341 cyc_per_wmma_simd=16.094
MB2 max2 wps=1 ev_ms=0.0371 cyc=2237 f_rt=2330 cyc_per_wmma_simd=17.477
MB2 max4 wps=1 ev_ms=0.0375 cyc=2119 f_rt=2303 cyc_per_wmma_simd=16.555
MB2 max8 wps=1 ev_ms=0.0378 cyc=2776 f_rt=2313 cyc_per_wmma_simd=21.688
MB2 exp1 wps=1 ev_ms=0.0543 cyc=2314 f_rt=2314 cyc_per_wmma_simd=18.078
MB2 exp2 wps=1 ev_ms=0.0538 cyc=2112 f_rt=2296 cyc_per_wmma_simd=16.500
MB2 exp4 wps=1 ev_ms=0.0450 cyc=2993 f_rt=2338 cyc_per_wmma_simd=23.383
MB2 exp8 wps=1 ev_ms=0.0293 cyc=3775 f_rt=2359 cyc_per_wmma_simd=29.492
MB2 cvt1 wps=1 ev_ms=0.0569 cyc=2426 f_rt=2333 cyc_per_wmma_simd=18.953
MB2 cvt2 wps=1 ev_ms=0.0487 cyc=2213 f_rt=2405 cyc_per_wmma_simd=17.289
MB2 cvt4 wps=1 ev_ms=0.0211 cyc=2260 f_rt=2354 cyc_per_wmma_simd=17.656
MB2 cvt8 wps=1 ev_ms=0.0460 cyc=3689 f_rt=2306 cyc_per_wmma_simd=28.820
MB2 pkfma1 wps=1 ev_ms=0.0312 cyc=2368 f_rt=2467 cyc_per_wmma_simd=18.500
MB2 pkfma2 wps=1 ev_ms=0.0534 cyc=2519 f_rt=2422 cyc_per_wmma_simd=19.680
MB2 pkfma4 wps=1 ev_ms=0.0535 cyc=2337 f_rt=2164 cyc_per_wmma_simd=18.258
MB2 pkfma8 wps=1 ev_ms=0.0469 cyc=4820 f_rt=2363 cyc_per_wmma_simd=37.656
MB2 pkmul1 wps=1 ev_ms=0.0458 cyc=2072 f_rt=2355 cyc_per_wmma_simd=16.188
MB2 pkmul2 wps=1 ev_ms=0.0455 cyc=2315 f_rt=2411 cyc_per_wmma_simd=18.086
MB2 pkmul4 wps=1 ev_ms=0.0448 cyc=2277 f_rt=2189 cyc_per_wmma_simd=17.789
MB2 pkmul8 wps=1 ev_ms=0.0500 cyc=4591 f_rt=2342 cyc_per_wmma_simd=35.867
MB2 nop1 wps=1 ev_ms=0.0531 cyc=2250 f_rt=2344 cyc_per_wmma_simd=17.578
MB2 nop2 wps=1 ev_ms=0.0455 cyc=2322 f_rt=2322 cyc_per_wmma_simd=18.141
MB2 nop4 wps=1 ev_ms=0.0524 cyc=2566 f_rt=2376 cyc_per_wmma_simd=20.047
MB2 nop8 wps=1 ev_ms=0.0441 cyc=3062 f_rt=2320 cyc_per_wmma_simd=23.922
MB2 salu1 wps=1 ev_ms=0.0508 cyc=1948 f_rt=2319 cyc_per_wmma_simd=15.219
MB2 salu2 wps=1 ev_ms=0.0454 cyc=2425 f_rt=2332 cyc_per_wmma_simd=18.945
MB2 salu4 wps=1 ev_ms=0.0514 cyc=2363 f_rt=2363 cyc_per_wmma_simd=18.461
MB2 salu8 wps=1 ev_ms=0.0519 cyc=3209 f_rt=2360 cyc_per_wmma_simd=25.070
MBDONE
rc=0
