MB3 ld_b128 seg=0 wps=1 ev_ms=0.9409 cyc_max=2097941 f_rt=2250 B_per_clk_CU=255.9 cyc_per_wmma_simd=0.000
MB3 ld_b128 seg=0 wps=2 ev_ms=0.9480 cyc_max=2098530 f_rt=2249 B_per_clk_CU=255.8 cyc_per_wmma_simd=0.000
MB3 ld_b128 seg=0 wps=4 ev_ms=0.8674 cyc_max=1917582 f_rt=2247 B_per_clk_CU=280.0 cyc_per_wmma_simd=0.000
MB3 ld_b128 seg=1 wps=1 ev_ms=0.7535 cyc_max=1655166 f_rt=2240 B_per_clk_CU=324.4 cyc_per_wmma_simd=0.000
MB3 ld_b128 seg=1 wps=2 ev_ms=0.4966 cyc_max=1050003 f_rt=2174 B_per_clk_CU=511.3 cyc_per_wmma_simd=0.000
MB3 ld_b128 seg=1 wps=4 ev_ms=0.5643 cyc_max=1210685 f_rt=2202 B_per_clk_CU=443.4 cyc_per_wmma_simd=0.000
MB3 ld_tr16 seg=0 wps=1 ev_ms=0.9582 cyc_max=2097942 f_rt=2247 B_per_clk_CU=255.9 cyc_per_wmma_simd=0.000
MB3 ld_tr16 seg=0 wps=2 ev_ms=0.9504 cyc_max=2098528 f_rt=2245 B_per_clk_CU=255.8 cyc_per_wmma_simd=0.000
MB3 ld_tr16 seg=0 wps=4 ev_ms=0.8470 cyc_max=1915068 f_rt=2259 B_per_clk_CU=280.3 cyc_per_wmma_simd=0.000
MB3 ld_tr16 seg=1 wps=1 ev_ms=0.7523 cyc_max=1655105 f_rt=2251 B_per_clk_CU=324.4 cyc_per_wmma_simd=0.000
MB3 ld_tr16 seg=1 wps=2 ev_ms=0.4923 cyc_max=1050009 f_rt=2178 B_per_clk_CU=511.3 cyc_per_wmma_simd=0.000
MB3 ld_tr16 seg=1 wps=4 ev_ms=0.5645 cyc_max=1209697 f_rt=2203 B_per_clk_CU=443.8 cyc_per_wmma_simd=0.000
MB3 wl1_b128 seg=0 wps=1 ev_ms=2.3373 cyc_max=5097079 f_rt=2202 B_per_clk_CU=52.7 cyc_per_wmma_simd=38.888
MB3 wl1_b128 seg=0 wps=2 ev_ms=1.3468 cyc_max=2606767 f_rt=1945 B_per_clk_CU=103.0 cyc_per_wmma_simd=19.888
MB3 wl1_b128 seg=0 wps=4 ev_ms=0.9081 cyc_max=1334350 f_rt=1499 B_per_clk_CU=201.2 cyc_per_wmma_simd=10.180
MB3 wl1_b128 seg=1 wps=1 ev_ms=2.3485 cyc_max=5096843 f_rt=2190 B_per_clk_CU=52.7 cyc_per_wmma_simd=38.886
MB3 wl1_b128 seg=1 wps=2 ev_ms=1.3368 cyc_max=2606893 f_rt=1972 B_per_clk_CU=103.0 cyc_per_wmma_simd=19.889
MB3 wl1_b128 seg=1 wps=4 ev_ms=0.9195 cyc_max=1340889 f_rt=1482 B_per_clk_CU=200.2 cyc_per_wmma_simd=10.230
MB3 wl1_tr16 seg=0 wps=1 ev_ms=2.3337 cyc_max=5097018 f_rt=2202 B_per_clk_CU=52.7 cyc_per_wmma_simd=38.887
MB3 wl1_tr16 seg=0 wps=2 ev_ms=1.3381 cyc_max=2606666 f_rt=1970 B_per_clk_CU=103.0 cyc_per_wmma_simd=19.887
MB3 wl1_tr16 seg=0 wps=4 ev_ms=0.8883 cyc_max=1333208 f_rt=1525 B_per_clk_CU=201.3 cyc_per_wmma_simd=10.172
MB3 wl1_tr16 seg=1 wps=1 ev_ms=2.3280 cyc_max=5096845 f_rt=2203 B_per_clk_CU=52.7 cyc_per_wmma_simd=38.886
MB3 wl1_tr16 seg=1 wps=2 ev_ms=1.3544 cyc_max=2606764 f_rt=1954 B_per_clk_CU=103.0 cyc_per_wmma_simd=19.888
MB3 wl1_tr16 seg=1 wps=4 ev_ms=0.9420 cyc_max=1345154 f_rt=1442 B_per_clk_CU=199.6 cyc_per_wmma_simd=10.263
MB3 wl2_b128 seg=0 wps=1 ev_ms=2.4005 cyc_max=5228023 f_rt=2195 B_per_clk_CU=102.7 cyc_per_wmma_simd=39.887
MB3 wl2_b128 seg=0 wps=2 ev_ms=1.3943 cyc_max=2675047 f_rt=1941 B_per_clk_CU=200.7 cyc_per_wmma_simd=20.409
MB3 wl2_b128 seg=0 wps=4 ev_ms=1.0641 cyc_max=1819647 f_rt=1728 B_per_clk_CU=295.0 cyc_per_wmma_simd=13.883
MB3 wl2_b128 seg=1 wps=1 ev_ms=2.4017 cyc_max=5228144 f_rt=2194 B_per_clk_CU=102.7 cyc_per_wmma_simd=39.888
MB3 wl2_b128 seg=1 wps=2 ev_ms=1.4078 cyc_max=2688488 f_rt=1924 B_per_clk_CU=199.7 cyc_per_wmma_simd=20.512
MB3 wl2_b128 seg=1 wps=4 ev_ms=1.0213 cyc_max=1669870 f_rt=1656 B_per_clk_CU=321.5 cyc_per_wmma_simd=12.740
MB3 wl2_tr16 seg=0 wps=1 ev_ms=2.4011 cyc_max=5228155 f_rt=2193 B_per_clk_CU=102.7 cyc_per_wmma_simd=39.888
MB3 wl2_tr16 seg=0 wps=2 ev_ms=1.3939 cyc_max=2680429 f_rt=1942 B_per_clk_CU=200.3 cyc_per_wmma_simd=20.450
MB3 wl2_tr16 seg=0 wps=4 ev_ms=1.0896 cyc_max=1878923 f_rt=1746 B_per_clk_CU=285.7 cyc_per_wmma_simd=14.335
MB3 wl2_tr16 seg=1 wps=1 ev_ms=2.4010 cyc_max=5227997 f_rt=2193 B_per_clk_CU=102.7 cyc_per_wmma_simd=39.886
MB3 wl2_tr16 seg=1 wps=2 ev_ms=1.3933 cyc_max=2688719 f_rt=1942 B_per_clk_CU=199.7 cyc_per_wmma_simd=20.513
MB3 wl2_tr16 seg=1 wps=4 ev_ms=1.0111 cyc_max=1670062 f_rt=1671 B_per_clk_CU=321.5 cyc_per_wmma_simd=12.742
MBDONE
rc=0
