MB4 i1_b128_lag8 seg=0 wps=1 ev_ms=4.5357 cyc_max=9946617 f_rt=2196 B_per_clk_CU=54.0 cyc_per_wmma_simd=37.943
MB4 i1_b128_lag8 seg=0 wps=2 ev_ms=2.5633 cyc_max=5097110 f_rt=1996 B_per_clk_CU=105.3 cyc_per_wmma_simd=19.444
MB4 i1_b128_lag8 seg=1 wps=1 ev_ms=4.5371 cyc_max=9946496 f_rt=2202 B_per_clk_CU=54.0 cyc_per_wmma_simd=37.943
MB4 i1_b128_lag8 seg=1 wps=2 ev_ms=2.5812 cyc_max=5096963 f_rt=1979 B_per_clk_CU=105.3 cyc_per_wmma_simd=19.443
MB4 i1_b128_lag16 seg=0 wps=1 ev_ms=4.5328 cyc_max=9946588 f_rt=2202 B_per_clk_CU=54.0 cyc_per_wmma_simd=37.943
MB4 i1_b128_lag16 seg=0 wps=2 ev_ms=2.5815 cyc_max=5097015 f_rt=1985 B_per_clk_CU=105.3 cyc_per_wmma_simd=19.444
MB4 i1_b128_lag16 seg=1 wps=1 ev_ms=4.5322 cyc_max=9946657 f_rt=2203 B_per_clk_CU=54.0 cyc_per_wmma_simd=37.943
MB4 i1_b128_lag16 seg=1 wps=2 ev_ms=2.5763 cyc_max=5097105 f_rt=1986 B_per_clk_CU=105.3 cyc_per_wmma_simd=19.444
MB4 i1_b128_lag24 seg=0 wps=1 ev_ms=4.5294 cyc_max=9946570 f_rt=2203 B_per_clk_CU=54.0 cyc_per_wmma_simd=37.943
MB4 i1_b128_lag24 seg=0 wps=2 ev_ms=2.5753 cyc_max=5096964 f_rt=1992 B_per_clk_CU=105.3 cyc_per_wmma_simd=19.443
MB4 i1_b128_lag24 seg=1 wps=1 ev_ms=4.5344 cyc_max=9946433 f_rt=2201 B_per_clk_CU=54.0 cyc_per_wmma_simd=37.943
MB4 i1_b128_lag24 seg=1 wps=2 ev_ms=2.5751 cyc_max=5097100 f_rt=1986 B_per_clk_CU=105.3 cyc_per_wmma_simd=19.444
MB4 i1_b128_lag32 seg=0 wps=1 ev_ms=4.5364 cyc_max=9946485 f_rt=2200 B_per_clk_CU=54.0 cyc_per_wmma_simd=37.943
MB4 i1_b128_lag32 seg=0 wps=2 ev_ms=2.5911 cyc_max=5097050 f_rt=1974 B_per_clk_CU=105.3 cyc_per_wmma_simd=19.444
MB4 i1_b128_lag32 seg=1 wps=1 ev_ms=4.5373 cyc_max=9946562 f_rt=2200 B_per_clk_CU=54.0 cyc_per_wmma_simd=37.943
MB4 i1_b128_lag32 seg=1 wps=2 ev_ms=2.5778 cyc_max=5096913 f_rt=1985 B_per_clk_CU=105.3 cyc_per_wmma_simd=19.443
MB4 i2_b128_lag16 seg=0 wps=1 ev_ms=4.6802 cyc_max=10208724 f_rt=2189 B_per_clk_CU=105.2 cyc_per_wmma_simd=38.943
MB4 i2_b128_lag16 seg=0 wps=2 ev_ms=2.7016 cyc_max=5244038 f_rt=1946 B_per_clk_CU=204.8 cyc_per_wmma_simd=20.004
MB4 i2_b128_lag16 seg=1 wps=1 ev_ms=4.6810 cyc_max=10208790 f_rt=2188 B_per_clk_CU=105.2 cyc_per_wmma_simd=38.943
MB4 i2_b128_lag16 seg=1 wps=2 ev_ms=2.7270 cyc_max=5244506 f_rt=1932 B_per_clk_CU=204.7 cyc_per_wmma_simd=20.006
MB4 i2_b128_lag24 seg=0 wps=1 ev_ms=4.6723 cyc_max=10208663 f_rt=2192 B_per_clk_CU=105.2 cyc_per_wmma_simd=38.943
MB4 i2_b128_lag24 seg=0 wps=2 ev_ms=2.6888 cyc_max=5228080 f_rt=1953 B_per_clk_CU=205.4 cyc_per_wmma_simd=19.944
MB4 i2_b128_lag24 seg=1 wps=1 ev_ms=4.6950 cyc_max=10208649 f_rt=2182 B_per_clk_CU=105.2 cyc_per_wmma_simd=38.943
MB4 i2_b128_lag24 seg=1 wps=2 ev_ms=2.7513 cyc_max=5244281 f_rt=1914 B_per_clk_CU=204.7 cyc_per_wmma_simd=20.005
MB4 i2_b128_lag32 seg=0 wps=1 ev_ms=4.6796 cyc_max=10208755 f_rt=2188 B_per_clk_CU=105.2 cyc_per_wmma_simd=38.943
MB4 i2_b128_lag32 seg=0 wps=2 ev_ms=2.7183 cyc_max=5244095 f_rt=1937 B_per_clk_CU=204.8 cyc_per_wmma_simd=20.005
MB4 i2_b128_lag32 seg=1 wps=1 ev_ms=4.6788 cyc_max=10208769 f_rt=2190 B_per_clk_CU=105.2 cyc_per_wmma_simd=38.943
MB4 i2_b128_lag32 seg=1 wps=2 ev_ms=2.7143 cyc_max=5244344 f_rt=1939 B_per_clk_CU=204.7 cyc_per_wmma_simd=20.006
MB4 g1_b128_lag16 seg=0 wps=1 ev_ms=1.8894 cyc_max=3542192 f_rt=1884 B_per_clk_CU=151.6 cyc_per_wmma_simd=13.512
MB4 g1_b128_lag16 seg=0 wps=2 ev_ms=1.6280 cyc_max=2765076 f_rt=1709 B_per_clk_CU=194.2 cyc_per_wmma_simd=10.548
MB4 g1_b128_lag16 seg=1 wps=1 ev_ms=1.8779 cyc_max=3622123 f_rt=1942 B_per_clk_CU=148.2 cyc_per_wmma_simd=13.817
MB4 g1_b128_lag16 seg=1 wps=2 ev_ms=1.6096 cyc_max=2753538 f_rt=1721 B_per_clk_CU=195.0 cyc_per_wmma_simd=10.504
MB4 p_b128_lag32 seg=0 wps=1 ev_ms=0.9465 cyc_max=2098329 f_rt=2248 B_per_clk_CU=255.9 cyc_per_wmma_simd=0.000
MB4 p_b128_lag32 seg=0 wps=2 ev_ms=0.9415 cyc_max=2098368 f_rt=2249 B_per_clk_CU=255.9 cyc_per_wmma_simd=0.000
MB4 p_b128_lag32 seg=1 wps=1 ev_ms=0.7282 cyc_max=1604166 f_rt=2232 B_per_clk_CU=334.7 cyc_per_wmma_simd=0.000
MB4 p_b128_lag32 seg=1 wps=2 ev_ms=0.7137 cyc_max=1573354 f_rt=2234 B_per_clk_CU=341.2 cyc_per_wmma_simd=0.000
MB4 i1_tr16_lag8 seg=0 wps=1 ev_ms=4.5415 cyc_max=9946616 f_rt=2197 B_per_clk_CU=54.0 cyc_per_wmma_simd=37.943
MB4 i1_tr16_lag8 seg=0 wps=2 ev_ms=2.5980 cyc_max=5097045 f_rt=1970 B_per_clk_CU=105.3 cyc_per_wmma_simd=19.444
MB4 i1_tr16_lag8 seg=1 wps=1 ev_ms=4.5460 cyc_max=9946647 f_rt=2196 B_per_clk_CU=54.0 cyc_per_wmma_simd=37.943
MB4 i1_tr16_lag8 seg=1 wps=2 ev_ms=2.6043 cyc_max=5097029 f_rt=1965 B_per_clk_CU=105.3 cyc_per_wmma_simd=19.444
MB4 i1_tr16_lag16 seg=0 wps=1 ev_ms=4.5456 cyc_max=9946464 f_rt=2195 B_per_clk_CU=54.0 cyc_per_wmma_simd=37.943
MB4 i1_tr16_lag16 seg=0 wps=2 ev_ms=2.6031 cyc_max=5096892 f_rt=1965 B_per_clk_CU=105.3 cyc_per_wmma_simd=19.443
MB4 i1_tr16_lag16 seg=1 wps=1 ev_ms=4.5477 cyc_max=9946636 f_rt=2194 B_per_clk_CU=54.0 cyc_per_wmma_simd=37.943
MB4 i1_tr16_lag16 seg=1 wps=2 ev_ms=2.7057 cyc_max=5096949 f_rt=1959 B_per_clk_CU=105.3 cyc_per_wmma_simd=19.443
MB4 i1_tr16_lag24 seg=0 wps=1 ev_ms=4.5427 cyc_max=9946652 f_rt=2197 B_per_clk_CU=54.0 cyc_per_wmma_simd=37.943
MB4 i1_tr16_lag24 seg=0 wps=2 ev_ms=2.5917 cyc_max=5097077 f_rt=1973 B_per_clk_CU=105.3 cyc_per_wmma_simd=19.444
MB4 i1_tr16_lag24 seg=1 wps=1 ev_ms=4.5425 cyc_max=9946518 f_rt=2197 B_per_clk_CU=54.0 cyc_per_wmma_simd=37.943
MB4 i1_tr16_lag24 seg=1 wps=2 ev_ms=2.6190 cyc_max=5097110 f_rt=1954 B_per_clk_CU=105.3 cyc_per_wmma_simd=19.444
MB4 i1_tr16_lag32 seg=0 wps=1 ev_ms=4.5481 cyc_max=9946431 f_rt=2195 B_per_clk_CU=54.0 cyc_per_wmma_simd=37.943
MB4 i1_tr16_lag32 seg=0 wps=2 ev_ms=2.5889 cyc_max=5097038 f_rt=1977 B_per_clk_CU=105.3 cyc_per_wmma_simd=19.444
MB4 i1_tr16_lag32 seg=1 wps=1 ev_ms=4.5531 cyc_max=9946640 f_rt=2192 B_per_clk_CU=54.0 cyc_per_wmma_simd=37.943
MB4 i1_tr16_lag32 seg=1 wps=2 ev_ms=2.6129 cyc_max=5097066 f_rt=1960 B_per_clk_CU=105.3 cyc_per_wmma_simd=19.444
MB4 i2_tr16_lag16 seg=0 wps=1 ev_ms=4.6903 cyc_max=10208677 f_rt=2184 B_per_clk_CU=105.2 cyc_per_wmma_simd=38.943
MB4 i2_tr16_lag16 seg=0 wps=2 ev_ms=2.7388 cyc_max=5242851 f_rt=1923 B_per_clk_CU=204.8 cyc_per_wmma_simd=20.000
MB4 i2_tr16_lag16 seg=1 wps=1 ev_ms=4.6851 cyc_max=10208640 f_rt=2186 B_per_clk_CU=105.2 cyc_per_wmma_simd=38.943
MB4 i2_tr16_lag16 seg=1 wps=2 ev_ms=2.7424 cyc_max=5244462 f_rt=1921 B_per_clk_CU=204.7 cyc_per_wmma_simd=20.006
MB4 i2_tr16_lag24 seg=0 wps=1 ev_ms=4.6905 cyc_max=10208731 f_rt=2184 B_per_clk_CU=105.2 cyc_per_wmma_simd=38.943
MB4 i2_tr16_lag24 seg=0 wps=2 ev_ms=2.7562 cyc_max=5228022 f_rt=1904 B_per_clk_CU=205.4 cyc_per_wmma_simd=19.943
MB4 i2_tr16_lag24 seg=1 wps=1 ev_ms=4.6873 cyc_max=10208705 f_rt=2185 B_per_clk_CU=105.2 cyc_per_wmma_simd=38.943
MB4 i2_tr16_lag24 seg=1 wps=2 ev_ms=2.7655 cyc_max=5244222 f_rt=1904 B_per_clk_CU=204.7 cyc_per_wmma_simd=20.005
MB4 i2_tr16_lag32 seg=0 wps=1 ev_ms=4.6938 cyc_max=10208489 f_rt=2184 B_per_clk_CU=105.2 cyc_per_wmma_simd=38.942
MB4 i2_tr16_lag32 seg=0 wps=2 ev_ms=2.7483 cyc_max=5243845 f_rt=1916 B_per_clk_CU=204.8 cyc_per_wmma_simd=20.004
MB4 i2_tr16_lag32 seg=1 wps=1 ev_ms=4.6871 cyc_max=10208789 f_rt=2185 B_per_clk_CU=105.2 cyc_per_wmma_simd=38.943
MB4 i2_tr16_lag32 seg=1 wps=2 ev_ms=2.7407 cyc_max=5244496 f_rt=1921 B_per_clk_CU=204.7 cyc_per_wmma_simd=20.006
MB4 g1_tr16_lag16 seg=0 wps=1 ev_ms=1.8946 cyc_max=3572693 f_rt=1897 B_per_clk_CU=150.3 cyc_per_wmma_simd=13.629
MB4 g1_tr16_lag16 seg=0 wps=2 ev_ms=1.6003 cyc_max=2745511 f_rt=1727 B_per_clk_CU=195.5 cyc_per_wmma_simd=10.473
MB4 g1_tr16_lag16 seg=1 wps=1 ev_ms=1.8980 cyc_max=3622173 f_rt=1921 B_per_clk_CU=148.2 cyc_per_wmma_simd=13.817
MB4 g1_tr16_lag16 seg=1 wps=2 ev_ms=1.6246 cyc_max=2745529 f_rt=1700 B_per_clk_CU=195.5 cyc_per_wmma_simd=10.473
MB4 p_tr16_lag32 seg=0 wps=1 ev_ms=0.9466 cyc_max=2098245 f_rt=2240 B_per_clk_CU=255.9 cyc_per_wmma_simd=0.000
MB4 p_tr16_lag32 seg=0 wps=2 ev_ms=0.9449 cyc_max=2098480 f_rt=2240 B_per_clk_CU=255.8 cyc_per_wmma_simd=0.000
MB4 p_tr16_lag32 seg=1 wps=1 ev_ms=0.7283 cyc_max=1604528 f_rt=2233 B_per_clk_CU=334.6 cyc_per_wmma_simd=0.000
MB4 p_tr16_lag32 seg=1 wps=2 ev_ms=0.7184 cyc_max=1573343 f_rt=2214 B_per_clk_CU=341.2 cyc_per_wmma_simd=0.000
MBDONE
rc=0
