# arm r4_b -> /home/lihuzhan/code/2026_0903__turbo/Primus-Turbo/output/0927__b0/ruler/arms/r4_b kern_mod=flydsl_fwd__7131966237380741364.fmha_fwd_prefill_a16w16_m32x8 md5=826b66f5
# arm r6_b -> /home/lihuzhan/code/2026_0903__turbo/Primus-Turbo/output/0927__b0/ruler/arms/r6_b kern_mod=flydsl_fwd__8761355626247241005.fmha_fwd_prefill_a16w16_m32x8 md5=a60bff8e
# arm l12_b -> /home/lihuzhan/code/2026_0903__turbo/Primus-Turbo/output/0927__b0/ruler/arms/l12_b kern_mod=flydsl_fwd__6834716539157526428.fmha_fwd_prefill_a16w16_m32x8 md5=3610fe68
# arm r4_a -> /home/lihuzhan/code/2026_0903__turbo/Primus-Turbo/output/0927__b0/ruler/arms/r4_a kern_mod=flydsl_fwd__2056652242799479333.fmha_fwd_prefill_a16w16_m32x8 md5=826b66f5
# arm r6_a -> /home/lihuzhan/code/2026_0903__turbo/Primus-Turbo/output/0927__b0/ruler/arms/r6_a kern_mod=flydsl_fwd__7344678174244088329.fmha_fwd_prefill_a16w16_m32x8 md5=a60bff8e
# arm l12_a -> /home/lihuzhan/code/2026_0903__turbo/Primus-Turbo/output/0927__b0/ruler/arms/l12_a kern_mod=flydsl_fwd__4115606700135454168.fmha_fwd_prefill_a16w16_m32x8 md5=3610fe68
# PYTHONHASHSEED=7 arms=['r4_b', 'r6_b', 'l12_b', 'r4_a', 'r6_a', 'l12_a'] modes=std,blocked
/home/lihuzhan/.local/flydsl0341/flydsl/compiler/jit_function.py:1681: UserWarning: @jit parameter 'ptr_O' is annotated as 'Pointer', but the argument resolves to 'Tensor'. The annotation is not enforced; the actual value type is used.
  jf(*args)
/home/lihuzhan/.local/flydsl0341/flydsl/compiler/jit_function.py:1681: UserWarning: @jit parameter 'ptr_Q' is annotated as 'Pointer', but the argument resolves to 'Tensor'. The annotation is not enforced; the actual value type is used.
  jf(*args)
/home/lihuzhan/.local/flydsl0341/flydsl/compiler/jit_function.py:1681: UserWarning: @jit parameter 'ptr_K' is annotated as 'Pointer', but the argument resolves to 'Tensor'. The annotation is not enforced; the actual value type is used.
  jf(*args)
/home/lihuzhan/.local/flydsl0341/flydsl/compiler/jit_function.py:1681: UserWarning: @jit parameter 'ptr_V' is annotated as 'Pointer', but the argument resolves to 'Tensor'. The annotation is not enforced; the actual value type is used.
  jf(*args)
/home/lihuzhan/.local/flydsl0341/flydsl/compiler/jit_function.py:1681: UserWarning: @jit parameter 'ptr_LSE' is annotated as 'Pointer', but the argument resolves to 'Tensor'. The annotation is not enforced; the actual value type is used.
  jf(*args)
/home/lihuzhan/.local/flydsl0341/flydsl/compiler/jit_function.py:1681: UserWarning: @jit parameter 'ptr_sink' is annotated as 'Pointer', but the argument resolves to 'Tensor'. The annotation is not enforced; the actual value type is used.
  jf(*args)
/home/lihuzhan/.local/flydsl0341/flydsl/compiler/kernel_function.py:360: UserWarning: @kernel parameter 'ptr_O' is annotated as 'Pointer', but the argument resolves to 'Tensor'. The annotation is not enforced; the actual value type is used.
  kernel_name, kernel_args, gpu_func_op, smem_bytes = self._kernel_function._emit_kernel(
/home/lihuzhan/.local/flydsl0341/flydsl/compiler/kernel_function.py:360: UserWarning: @kernel parameter 'ptr_Q' is annotated as 'Pointer', but the argument resolves to 'Tensor'. The annotation is not enforced; the actual value type is used.
  kernel_name, kernel_args, gpu_func_op, smem_bytes = self._kernel_function._emit_kernel(
/home/lihuzhan/.local/flydsl0341/flydsl/compiler/kernel_function.py:360: UserWarning: @kernel parameter 'ptr_K' is annotated as 'Pointer', but the argument resolves to 'Tensor'. The annotation is not enforced; the actual value type is used.
  kernel_name, kernel_args, gpu_func_op, smem_bytes = self._kernel_function._emit_kernel(
/home/lihuzhan/.local/flydsl0341/flydsl/compiler/kernel_function.py:360: UserWarning: @kernel parameter 'ptr_V' is annotated as 'Pointer', but the argument resolves to 'Tensor'. The annotation is not enforced; the actual value type is used.
  kernel_name, kernel_args, gpu_func_op, smem_bytes = self._kernel_function._emit_kernel(
/home/lihuzhan/.local/flydsl0341/flydsl/compiler/kernel_function.py:360: UserWarning: @kernel parameter 'ptr_LSE' is annotated as 'Pointer', but the argument resolves to 'Tensor'. The annotation is not enforced; the actual value type is used.
  kernel_name, kernel_args, gpu_func_op, smem_bytes = self._kernel_function._emit_kernel(
/home/lihuzhan/.local/flydsl0341/flydsl/compiler/kernel_function.py:360: UserWarning: @kernel parameter 'ptr_sink' is annotated as 'Pointer', but the argument resolves to 'Tensor'. The annotation is not enforced; the actual value type is used.
  kernel_name, kernel_args, gpu_func_op, smem_bytes = self._kernel_function._emit_kernel(
RESULT mode=std arm=r4_b pos=0 ms=1.57003 sclk=1154/1238 by_pred={'None': [1.19335, 1], 'r6_b': [1.59801, 50], 'r4_b': [1.55715, 50]}
RESULT mode=std arm=r6_b pos=1 ms=1.47709 sclk=1154/1238 by_pred={'r4_b': [1.46604, 51], 'l12_b': [1.49602, 50]}
RESULT mode=std arm=l12_b pos=2 ms=1.42133 sclk=1154/1238 by_pred={'r6_b': [1.42397, 51], 'r4_a': [1.41983, 50]}
RESULT mode=std arm=r4_a pos=3 ms=1.60008 sclk=1154/1238 by_pred={'l12_b': [1.60528, 51], 'r6_a': [1.59733, 50]}
RESULT mode=std arm=r6_a pos=4 ms=1.52532 sclk=1154/1238 by_pred={'r4_a': [1.50057, 51], 'l12_a': [1.55407, 50]}
RESULT mode=std arm=l12_a pos=5 ms=1.44120 sclk=1154/1238 by_pred={'r6_a': [1.42317, 51], 'l12_a': [1.45854, 50]}
RESULT mode=blocked arm=r4_b pos=0 ms=1.54684 sclk=1238/1236 by_pred={}
RESULT mode=blocked arm=r6_b pos=1 ms=1.48384 sclk=1238/1236 by_pred={}
RESULT mode=blocked arm=l12_b pos=2 ms=1.48671 sclk=1238/1236 by_pred={}
RESULT mode=blocked arm=r4_a pos=3 ms=1.54978 sclk=1238/1236 by_pred={}
RESULT mode=blocked arm=r6_a pos=4 ms=1.48170 sclk=1238/1236 by_pred={}
RESULT mode=blocked arm=l12_a pos=5 ms=1.48683 sclk=1238/1236 by_pred={}
rc=0 newdmesg_g0=0
