# arm r4_a -> /home/lihuzhan/code/2026_0903__turbo/Primus-Turbo/output/0927__b0/ruler/arms/r4_a kern_mod=flydsl_fwd__2056652242799479333.fmha_fwd_prefill_a16w16_m32x8 md5=826b66f5
# arm r6_a -> /home/lihuzhan/code/2026_0903__turbo/Primus-Turbo/output/0927__b0/ruler/arms/r6_a kern_mod=flydsl_fwd__7344678174244088329.fmha_fwd_prefill_a16w16_m32x8 md5=a60bff8e
# arm l12_a -> /home/lihuzhan/code/2026_0903__turbo/Primus-Turbo/output/0927__b0/ruler/arms/l12_a kern_mod=flydsl_fwd__4115606700135454168.fmha_fwd_prefill_a16w16_m32x8 md5=3610fe68
# arm r4_b -> /home/lihuzhan/code/2026_0903__turbo/Primus-Turbo/output/0927__b0/ruler/arms/r4_b kern_mod=flydsl_fwd__7131966237380741364.fmha_fwd_prefill_a16w16_m32x8 md5=826b66f5
# arm r6_b -> /home/lihuzhan/code/2026_0903__turbo/Primus-Turbo/output/0927__b0/ruler/arms/r6_b kern_mod=flydsl_fwd__8761355626247241005.fmha_fwd_prefill_a16w16_m32x8 md5=a60bff8e
# arm l12_b -> /home/lihuzhan/code/2026_0903__turbo/Primus-Turbo/output/0927__b0/ruler/arms/l12_b kern_mod=flydsl_fwd__6834716539157526428.fmha_fwd_prefill_a16w16_m32x8 md5=3610fe68
# PYTHONHASHSEED=7 arms=['r4_a', 'r6_a', 'l12_a', 'r4_b', 'r6_b', 'l12_b'] modes=std,blocked
/home/lihuzhan/.local/flydsl0341/flydsl/compiler/jit_function.py:1681: UserWarning: @jit parameter 'ptr_O' is annotated as 'Pointer', but the argument resolves to 'Tensor'. The annotation is not enforced; the actual value type is used.
  jf(*args)
/home/lihuzhan/.local/flydsl0341/flydsl/compiler/jit_function.py:1681: UserWarning: @jit parameter 'ptr_Q' is annotated as 'Pointer', but the argument resolves to 'Tensor'. The annotation is not enforced; the actual value type is used.
  jf(*args)
/home/lihuzhan/.local/flydsl0341/flydsl/compiler/jit_function.py:1681: UserWarning: @jit parameter 'ptr_K' is annotated as 'Pointer', but the argument resolves to 'Tensor'. The annotation is not enforced; the actual value type is used.
  jf(*args)
/home/lihuzhan/.local/flydsl0341/flydsl/compiler/jit_function.py:1681: UserWarning: @jit parameter 'ptr_V' is annotated as 'Pointer', but the argument resolves to 'Tensor'. The annotation is not enforced; the actual value type is used.
  jf(*args)
/home/lihuzhan/.local/flydsl0341/flydsl/compiler/jit_function.py:1681: UserWarning: @jit parameter 'ptr_LSE' is annotated as 'Pointer', but the argument resolves to 'Tensor'. The annotation is not enforced; the actual value type is used.
  jf(*args)
/home/lihuzhan/.local/flydsl0341/flydsl/compiler/jit_function.py:1681: UserWarning: @jit parameter 'ptr_sink' is annotated as 'Pointer', but the argument resolves to 'Tensor'. The annotation is not enforced; the actual value type is used.
  jf(*args)
/home/lihuzhan/.local/flydsl0341/flydsl/compiler/kernel_function.py:360: UserWarning: @kernel parameter 'ptr_O' is annotated as 'Pointer', but the argument resolves to 'Tensor'. The annotation is not enforced; the actual value type is used.
  kernel_name, kernel_args, gpu_func_op, smem_bytes = self._kernel_function._emit_kernel(
/home/lihuzhan/.local/flydsl0341/flydsl/compiler/kernel_function.py:360: UserWarning: @kernel parameter 'ptr_Q' is annotated as 'Pointer', but the argument resolves to 'Tensor'. The annotation is not enforced; the actual value type is used.
  kernel_name, kernel_args, gpu_func_op, smem_bytes = self._kernel_function._emit_kernel(
/home/lihuzhan/.local/flydsl0341/flydsl/compiler/kernel_function.py:360: UserWarning: @kernel parameter 'ptr_K' is annotated as 'Pointer', but the argument resolves to 'Tensor'. The annotation is not enforced; the actual value type is used.
  kernel_name, kernel_args, gpu_func_op, smem_bytes = self._kernel_function._emit_kernel(
/home/lihuzhan/.local/flydsl0341/flydsl/compiler/kernel_function.py:360: UserWarning: @kernel parameter 'ptr_V' is annotated as 'Pointer', but the argument resolves to 'Tensor'. The annotation is not enforced; the actual value type is used.
  kernel_name, kernel_args, gpu_func_op, smem_bytes = self._kernel_function._emit_kernel(
/home/lihuzhan/.local/flydsl0341/flydsl/compiler/kernel_function.py:360: UserWarning: @kernel parameter 'ptr_LSE' is annotated as 'Pointer', but the argument resolves to 'Tensor'. The annotation is not enforced; the actual value type is used.
  kernel_name, kernel_args, gpu_func_op, smem_bytes = self._kernel_function._emit_kernel(
/home/lihuzhan/.local/flydsl0341/flydsl/compiler/kernel_function.py:360: UserWarning: @kernel parameter 'ptr_sink' is annotated as 'Pointer', but the argument resolves to 'Tensor'. The annotation is not enforced; the actual value type is used.
  kernel_name, kernel_args, gpu_func_op, smem_bytes = self._kernel_function._emit_kernel(
RESULT mode=std arm=r4_a pos=0 ms=1.57143 sclk=1155/1240 by_pred={'None': [1.20056, 1], 'r6_a': [1.60014, 50], 'r4_a': [1.55371, 50]}
RESULT mode=std arm=r6_a pos=1 ms=1.48066 sclk=1155/1240 by_pred={'r4_a': [1.46335, 51], 'l12_a': [1.49692, 50]}
RESULT mode=std arm=l12_a pos=2 ms=1.42393 sclk=1155/1240 by_pred={'r6_a': [1.42501, 51], 'r4_b': [1.42261, 50]}
RESULT mode=std arm=r4_b pos=3 ms=1.60140 sclk=1155/1240 by_pred={'l12_a': [1.60412, 51], 'r6_b': [1.59857, 50]}
RESULT mode=std arm=r6_b pos=4 ms=1.53061 sclk=1155/1240 by_pred={'r4_b': [1.50537, 51], 'l12_b': [1.55531, 50]}
RESULT mode=std arm=l12_b pos=5 ms=1.43275 sclk=1155/1240 by_pred={'r6_b': [1.42145, 51], 'l12_b': [1.45354, 50]}
RESULT mode=blocked arm=r4_a pos=0 ms=1.55132 sclk=1240/1243 by_pred={}
RESULT mode=blocked arm=r6_a pos=1 ms=1.48252 sclk=1240/1243 by_pred={}
RESULT mode=blocked arm=l12_a pos=2 ms=1.48659 sclk=1240/1243 by_pred={}
RESULT mode=blocked arm=r4_b pos=3 ms=1.54814 sclk=1240/1243 by_pred={}
RESULT mode=blocked arm=r6_b pos=4 ms=1.48120 sclk=1240/1243 by_pred={}
RESULT mode=blocked arm=l12_b pos=5 ms=1.48536 sclk=1240/1243 by_pred={}
rc=0 newdmesg_g0=0
