# arm l12_c -> /home/lihuzhan/code/2026_0903__turbo/Primus-Turbo/output/0927__b0/ruler/arms/l12_c kern=/home/lihuzhan/code/2026_0903__turbo/Primus-Turbo/output/0927__b0/ruler/arms/l12_c/flydsl_fwd/fmha_fwd_prefill_a16w16_m32x8.py md5=3610fe68
# arm r6_c -> /home/lihuzhan/code/2026_0903__turbo/Primus-Turbo/output/0927__b0/ruler/arms/r6_c kern=/home/lihuzhan/code/2026_0903__turbo/Primus-Turbo/output/0927__b0/ruler/arms/r6_c/flydsl_fwd/fmha_fwd_prefill_a16w16_m32x8.py md5=a60bff8e
# arm r4_c -> /home/lihuzhan/code/2026_0903__turbo/Primus-Turbo/output/0927__b0/ruler/arms/r4_c kern=/home/lihuzhan/code/2026_0903__turbo/Primus-Turbo/output/0927__b0/ruler/arms/r4_c/flydsl_fwd/fmha_fwd_prefill_a16w16_m32x8.py md5=826b66f5
# arm r6_d -> /home/lihuzhan/code/2026_0903__turbo/Primus-Turbo/output/0927__b0/ruler/arms/r6_d kern=/home/lihuzhan/code/2026_0903__turbo/Primus-Turbo/output/0927__b0/ruler/arms/r6_d/flydsl_fwd/fmha_fwd_prefill_a16w16_m32x8.py md5=a60bff8e
# PYTHONHASHSEED=None arms=['l12_c', 'r6_c', 'r4_c', 'r6_d'] modes=std,blocked,stream
/home/lihuzhan/.local/flydsl0341/flydsl/compiler/jit_function.py:1681: UserWarning: @jit parameter 'ptr_O' is annotated as 'Pointer', but the argument resolves to 'Tensor'. The annotation is not enforced; the actual value type is used.
  jf(*args)
/home/lihuzhan/.local/flydsl0341/flydsl/compiler/jit_function.py:1681: UserWarning: @jit parameter 'ptr_Q' is annotated as 'Pointer', but the argument resolves to 'Tensor'. The annotation is not enforced; the actual value type is used.
  jf(*args)
/home/lihuzhan/.local/flydsl0341/flydsl/compiler/jit_function.py:1681: UserWarning: @jit parameter 'ptr_K' is annotated as 'Pointer', but the argument resolves to 'Tensor'. The annotation is not enforced; the actual value type is used.
  jf(*args)
/home/lihuzhan/.local/flydsl0341/flydsl/compiler/jit_function.py:1681: UserWarning: @jit parameter 'ptr_V' is annotated as 'Pointer', but the argument resolves to 'Tensor'. The annotation is not enforced; the actual value type is used.
  jf(*args)
/home/lihuzhan/.local/flydsl0341/flydsl/compiler/jit_function.py:1681: UserWarning: @jit parameter 'ptr_LSE' is annotated as 'Pointer', but the argument resolves to 'Tensor'. The annotation is not enforced; the actual value type is used.
  jf(*args)
/home/lihuzhan/.local/flydsl0341/flydsl/compiler/jit_function.py:1681: UserWarning: @jit parameter 'ptr_sink' is annotated as 'Pointer', but the argument resolves to 'Tensor'. The annotation is not enforced; the actual value type is used.
  jf(*args)
/home/lihuzhan/.local/flydsl0341/flydsl/compiler/kernel_function.py:360: UserWarning: @kernel parameter 'ptr_O' is annotated as 'Pointer', but the argument resolves to 'Tensor'. The annotation is not enforced; the actual value type is used.
  kernel_name, kernel_args, gpu_func_op, smem_bytes = self._kernel_function._emit_kernel(
/home/lihuzhan/.local/flydsl0341/flydsl/compiler/kernel_function.py:360: UserWarning: @kernel parameter 'ptr_Q' is annotated as 'Pointer', but the argument resolves to 'Tensor'. The annotation is not enforced; the actual value type is used.
  kernel_name, kernel_args, gpu_func_op, smem_bytes = self._kernel_function._emit_kernel(
/home/lihuzhan/.local/flydsl0341/flydsl/compiler/kernel_function.py:360: UserWarning: @kernel parameter 'ptr_K' is annotated as 'Pointer', but the argument resolves to 'Tensor'. The annotation is not enforced; the actual value type is used.
  kernel_name, kernel_args, gpu_func_op, smem_bytes = self._kernel_function._emit_kernel(
/home/lihuzhan/.local/flydsl0341/flydsl/compiler/kernel_function.py:360: UserWarning: @kernel parameter 'ptr_V' is annotated as 'Pointer', but the argument resolves to 'Tensor'. The annotation is not enforced; the actual value type is used.
  kernel_name, kernel_args, gpu_func_op, smem_bytes = self._kernel_function._emit_kernel(
/home/lihuzhan/.local/flydsl0341/flydsl/compiler/kernel_function.py:360: UserWarning: @kernel parameter 'ptr_LSE' is annotated as 'Pointer', but the argument resolves to 'Tensor'. The annotation is not enforced; the actual value type is used.
  kernel_name, kernel_args, gpu_func_op, smem_bytes = self._kernel_function._emit_kernel(
/home/lihuzhan/.local/flydsl0341/flydsl/compiler/kernel_function.py:360: UserWarning: @kernel parameter 'ptr_sink' is annotated as 'Pointer', but the argument resolves to 'Tensor'. The annotation is not enforced; the actual value type is used.
  kernel_name, kernel_args, gpu_func_op, smem_bytes = self._kernel_function._emit_kernel(
RESULT mode=std arm=l12_c pos=0 ms=0.09498 sclk=1284/1494 by_pred={'None': [0.15123, 1], 'r6_c': [0.09664, 50], 'l12_c': [0.09128, 50]}
RESULT mode=std arm=r6_c pos=1 ms=0.08821 sclk=1284/1494 by_pred={'l12_c': [0.08581, 51], 'r4_c': [0.09024, 50]}
RESULT mode=std arm=r4_c pos=2 ms=0.08973 sclk=1284/1494 by_pred={'r6_c': [0.09114, 51], 'r6_d': [0.08793, 50]}
RESULT mode=std arm=r6_d pos=3 ms=0.08737 sclk=1284/1494 by_pred={'r4_c': [0.09058, 51], 'r6_d': [0.08561, 50]}
RESULT mode=blocked arm=l12_c pos=0 ms=0.09186 sclk=1494/1611 by_pred={}
RESULT mode=blocked arm=r6_c pos=1 ms=0.08549 sclk=1494/1611 by_pred={}
RESULT mode=blocked arm=r4_c pos=2 ms=0.08805 sclk=1494/1611 by_pred={}
RESULT mode=blocked arm=r6_d pos=3 ms=0.08569 sclk=1494/1611 by_pred={}
RESULT mode=stream arm=l12_c pos=0 ms=0.10147 sclk=1611/1508 by_pred={}
RESULT mode=stream arm=r6_c pos=1 ms=0.09306 sclk=1611/1508 by_pred={}
RESULT mode=stream arm=r4_c pos=2 ms=0.09695 sclk=1611/1508 by_pred={}
RESULT mode=stream arm=r6_d pos=3 ms=0.09371 sclk=1611/1508 by_pred={}
rc=0 newdmesg_g0=0
