# arm r6_a -> /home/lihuzhan/code/2026_0903__turbo/Primus-Turbo/output/0927__b0/ruler/arms/r6_a  impl=/home/lihuzhan/code/2026_0903__turbo/Primus-Turbo/output/0927__b0/ruler/arms/r6_a/impl.py kernel=/home/lihuzhan/code/2026_0903__turbo/Primus-Turbo/output/0927__b0/ruler/arms/r6_a/flydsl_fwd/fmha_fwd_prefill_a16w16_m32x8.py md5=a60bff8e O_VARIANT=v3
# arm bnegg -> /home/lihuzhan/code/2026_0903__turbo/Primus-Turbo/output/0927__b0/lab3-L21/arms/bnegg  impl=/home/lihuzhan/code/2026_0903__turbo/Primus-Turbo/output/0927__b0/lab3-L21/arms/bnegg/impl.py kernel=/home/lihuzhan/code/2026_0903__turbo/Primus-Turbo/output/0927__b0/lab3-L21/arms/bnegg/flydsl_fwd/fmha_fwd_prefill_a16w16_m32x8.py md5=e56ac232 O_VARIANT=v3
# arm r4_a -> /home/lihuzhan/code/2026_0903__turbo/Primus-Turbo/output/0927__b0/ruler/arms/r4_a  impl=/home/lihuzhan/code/2026_0903__turbo/Primus-Turbo/output/0927__b0/ruler/arms/r4_a/impl.py kernel=/home/lihuzhan/code/2026_0903__turbo/Primus-Turbo/output/0927__b0/ruler/arms/r4_a/flydsl_fwd/fmha_fwd_prefill_a16w16_m32x8.py md5=826b66f5 O_VARIANT=v3
# ENV TORCH_BLAS_PREFER_HIPBLASLT=1 HIPBLASLT_TENSILE_LIBPATH=/home/lihuzhan/.local/hipblaslt-gfx1250/gfx1250
# statistic median  iters 101  warmup 8.0s continuous  order blocked 9+lead 4, palindromic rounds  device gfx1250
/home/lihuzhan/.local/flydsl0341/flydsl/compiler/jit_function.py:1681: UserWarning: @jit parameter 'ptr_O' is annotated as 'Pointer', but the argument resolves to 'Tensor'. The annotation is not enforced; the actual value type is used.
  jf(*args)
/home/lihuzhan/.local/flydsl0341/flydsl/compiler/jit_function.py:1681: UserWarning: @jit parameter 'ptr_Q' is annotated as 'Pointer', but the argument resolves to 'Tensor'. The annotation is not enforced; the actual value type is used.
  jf(*args)
/home/lihuzhan/.local/flydsl0341/flydsl/compiler/jit_function.py:1681: UserWarning: @jit parameter 'ptr_K' is annotated as 'Pointer', but the argument resolves to 'Tensor'. The annotation is not enforced; the actual value type is used.
  jf(*args)
/home/lihuzhan/.local/flydsl0341/flydsl/compiler/jit_function.py:1681: UserWarning: @jit parameter 'ptr_V' is annotated as 'Pointer', but the argument resolves to 'Tensor'. The annotation is not enforced; the actual value type is used.
  jf(*args)
/home/lihuzhan/.local/flydsl0341/flydsl/compiler/jit_function.py:1681: UserWarning: @jit parameter 'ptr_LSE' is annotated as 'Pointer', but the argument resolves to 'Tensor'. The annotation is not enforced; the actual value type is used.
  jf(*args)
/home/lihuzhan/.local/flydsl0341/flydsl/compiler/jit_function.py:1681: UserWarning: @jit parameter 'ptr_sink' is annotated as 'Pointer', but the argument resolves to 'Tensor'. The annotation is not enforced; the actual value type is used.
  jf(*args)
/home/lihuzhan/.local/flydsl0341/flydsl/compiler/kernel_function.py:360: UserWarning: @kernel parameter 'ptr_O' is annotated as 'Pointer', but the argument resolves to 'Tensor'. The annotation is not enforced; the actual value type is used.
  kernel_name, kernel_args, gpu_func_op, smem_bytes = self._kernel_function._emit_kernel(
/home/lihuzhan/.local/flydsl0341/flydsl/compiler/kernel_function.py:360: UserWarning: @kernel parameter 'ptr_Q' is annotated as 'Pointer', but the argument resolves to 'Tensor'. The annotation is not enforced; the actual value type is used.
  kernel_name, kernel_args, gpu_func_op, smem_bytes = self._kernel_function._emit_kernel(
/home/lihuzhan/.local/flydsl0341/flydsl/compiler/kernel_function.py:360: UserWarning: @kernel parameter 'ptr_K' is annotated as 'Pointer', but the argument resolves to 'Tensor'. The annotation is not enforced; the actual value type is used.
  kernel_name, kernel_args, gpu_func_op, smem_bytes = self._kernel_function._emit_kernel(
/home/lihuzhan/.local/flydsl0341/flydsl/compiler/kernel_function.py:360: UserWarning: @kernel parameter 'ptr_V' is annotated as 'Pointer', but the argument resolves to 'Tensor'. The annotation is not enforced; the actual value type is used.
  kernel_name, kernel_args, gpu_func_op, smem_bytes = self._kernel_function._emit_kernel(
/home/lihuzhan/.local/flydsl0341/flydsl/compiler/kernel_function.py:360: UserWarning: @kernel parameter 'ptr_LSE' is annotated as 'Pointer', but the argument resolves to 'Tensor'. The annotation is not enforced; the actual value type is used.
  kernel_name, kernel_args, gpu_func_op, smem_bytes = self._kernel_function._emit_kernel(
/home/lihuzhan/.local/flydsl0341/flydsl/compiler/kernel_function.py:360: UserWarning: @kernel parameter 'ptr_sink' is annotated as 'Pointer', but the argument resolves to 'Tensor'. The annotation is not enforced; the actual value type is used.
  kernel_name, kernel_args, gpu_func_op, smem_bytes = self._kernel_function._emit_kernel(
RESULT shape=prod arm=r6_a stat=median iters=101 latency_ms=1.4807 min_ms=1.4378 max_ms=1.50838 tflops=1485.31 bw_gbs=453.22 flop=2199291691008.0 bytes_min=671088640 sclk_start=1259 sclk_end=1269 causal=True order=blocked9+lead4
RESULT shape=prod arm=bnegg stat=median iters=101 latency_ms=1.47205 min_ms=1.44821 max_ms=1.49344 tflops=1494.04 bw_gbs=455.89 flop=2199291691008.0 bytes_min=671088640 sclk_start=1259 sclk_end=1269 causal=True order=blocked9+lead4
RESULT shape=prod arm=r4_a stat=median iters=101 latency_ms=1.54656 min_ms=1.52549 max_ms=1.57432 tflops=1422.06 bw_gbs=433.92 flop=2199291691008.0 bytes_min=671088640 sclk_start=1259 sclk_end=1269 causal=True order=blocked9+lead4
rc=0 newdmesg_g0=0
