$ python validation.py /home/lihuzhan/code/2026_0910__op-evolve/op-evolve/artifacts/gfx1250-flydsl-attn-fwd-b0-20260927/rounds/017/op
(cwd /home/lihuzhan/code/2026_0910__op-evolve/op-evolve/artifacts/gfx1250-flydsl-attn-fwd-b0-20260927/job_context/op)
exit 2

--- stdout ---
validation  impl=/home/lihuzhan/code/2026_0910__op-evolve/op-evolve/artifacts/gfx1250-flydsl-attn-fwd-b0-20260927/rounds/017/op
  spec gfx1250-flydsl-attn-fwd_final.yaml: precision 49.0 dB, beat margin 0.0% -> bar 1.0000x beat
  ENV TORCH_BLAS_PREFER_HIPBLASLT=1 HIPBLASLT_TENSILE_LIBPATH=/home/lihuzhan/.local/hipblaslt-gfx1250/gfx1250
correctness (o and lse separately, vs op/eager):
  fast             causal o 1048576/1048576   51.23 dB  lse 8192/8192   85.48 dB  ref=refcache  PASS
  proxy            causal o 16777216/16777216   50.98 dB  lse 131072/131072   87.82 dB  ref=refcache  PASS
  prod             causal o 134217728/134217728   50.91 dB  lse 1048576/1048576   88.92 dB  ref=refcache  PASS
  toy              causal o 65536/65536   51.86 dB  lse 512/512   81.85 dB  ref=eager (no cache)  PASS
  toy              full   o 65536/65536   50.18 dB  lse 512/512   85.17 dB  ref=eager (non-causal)  PASS
  short_q          causal o 65536/65536   49.93 dB  lse 512/512   86.44 dB  ref=eager (no cache)  PASS
  short_q          full   o 65536/65536   49.82 dB  lse 512/512   86.73 dB  ref=eager (non-causal)  PASS
  gqa4_batch2      causal o 524288/524288   51.76 dB  lse 4096/4096   81.51 dB  ref=eager (no cache)  PASS
  gqa4_batch2      full   o 524288/524288   50.18 dB  lse 4096/4096   85.30 dB  ref=eager (non-causal)  PASS
  mha              causal o 131072/131072   51.60 dB  lse 1024/1024   81.18 dB  ref=eager (no cache)  PASS
  mha              full   o 131072/131072   49.98 dB  lse 1024/1024   85.15 dB  ref=eager (non-causal)  PASS
  unequal_seqlen   causal o 524288/524288   49.98 dB  lse 4096/4096   87.38 dB  ref=eager (no cache)  PASS
  unequal_seqlen   full   o 524288/524288   49.98 dB  lse 4096/4096   87.87 dB  ref=eager (non-causal)  PASS
  unequal_seqlen2  causal o 1048576/1048576   49.97 dB  lse 8192/8192   88.36 dB  ref=eager (no cache)  PASS
  unequal_seqlen2  full   o 1048576/1048576   50.00 dB  lse 8192/8192   88.79 dB  ref=eager (non-causal)  PASS
  sq_gt_skv        full   o 1048576/1048576   49.99 dB  lse 8192/8192   86.70 dB  ref=eager (non-causal)  PASS
determinism:
  200 runs at fast: 200/200 bitwise identical, o=9eb9b58556bf lse=bbf23654e600  PASS
speed (benchmark.py, candidate and beat in one process per shape):
    # arm candidate -> /home/lihuzhan/code/2026_0910__op-evolve/op-evolve/artifacts/gfx1250-flydsl-attn-fwd-b0-20260927/rounds/017/op  impl=/home/lihuzhan/code/2026_0910__op-evolve/op-evolve/artifacts/gfx1250-flydsl-attn-fwd-b0-20260927/rounds/017/op/impl.py kernel=/home/lihuzhan/code/2026_0910__op-evolve/op-evolve/artifacts/gfx1250-flydsl-attn-fwd-b0-20260927/rounds/017/op/flydsl_fwd/fmha_fwd_prefill_a16w16_m32x8.py md5=1b471ea4 O_VARIANT=v3
    # arm beat -> /home/lihuzhan/code/2026_0910__op-evolve/op-evolve/artifacts/gfx1250-flydsl-attn-fwd-b0-20260927/job_context/op/beat  impl=/home/lihuzhan/code/2026_0910__op-evolve/op-evolve/artifacts/gfx1250-flydsl-attn-fwd-b0-20260927/job_context/op/beat/impl.py
    # ENV TORCH_BLAS_PREFER_HIPBLASLT=1 HIPBLASLT_TENSILE_LIBPATH=/home/lihuzhan/.local/hipblaslt-gfx1250/gfx1250
    RESULT shape=fast arm=candidate stat=median iters=101 latency_ms=0.01324 min_ms=0.01258 max_ms=0.01775 tflops=162.36 bw_gbs=395.99 flop=2149580800.0 bytes_min=5242880 sclk_start=2305 sclk_end=2304 causal=True order=blocked9+lead4
    RESULT shape=fast arm=beat stat=median iters=101 latency_ms=0.01386 min_ms=0.01346 max_ms=0.01546 tflops=155.08 bw_gbs=378.25 flop=2149580800.0 bytes_min=5242880 sclk_start=2305 sclk_end=2304 causal=True order=blocked9+lead4
  fast   candidate    162.4 TF/s (0.0132 ms)  beat    155.1 TF/s (0.0139 ms)  ratio 1.0469  sclk 2305->2304  [median of 101]
    # arm candidate -> /home/lihuzhan/code/2026_0910__op-evolve/op-evolve/artifacts/gfx1250-flydsl-attn-fwd-b0-20260927/rounds/017/op  impl=/home/lihuzhan/code/2026_0910__op-evolve/op-evolve/artifacts/gfx1250-flydsl-attn-fwd-b0-20260927/rounds/017/op/impl.py kernel=/home/lihuzhan/code/2026_0910__op-evolve/op-evolve/artifacts/gfx1250-flydsl-attn-fwd-b0-20260927/rounds/017/op/flydsl_fwd/fmha_fwd_prefill_a16w16_m32x8.py md5=1b471ea4 O_VARIANT=v3
    # arm beat -> /home/lihuzhan/code/2026_0910__op-evolve/op-evolve/artifacts/gfx1250-flydsl-attn-fwd-b0-20260927/job_context/op/beat  impl=/home/lihuzhan/code/2026_0910__op-evolve/op-evolve/artifacts/gfx1250-flydsl-attn-fwd-b0-20260927/job_context/op/beat/impl.py
    # ENV TORCH_BLAS_PREFER_HIPBLASLT=1 HIPBLASLT_TENSILE_LIBPATH=/home/lihuzhan/.local/hipblaslt-gfx1250/gfx1250
    RESULT shape=proxy arm=candidate stat=median iters=101 latency_ms=0.09246 min_ms=0.08188 max_ms=0.11958 tflops=1486.85 bw_gbs=907.28 flop=137472507904.0 bytes_min=83886080 sclk_start=1112 sclk_end=1300 causal=True order=blocked9+lead4
    RESULT shape=proxy arm=beat stat=median iters=101 latency_ms=0.08341 min_ms=0.0798 max_ms=0.08865 tflops=1648.25 bw_gbs=1005.77 flop=137472507904.0 bytes_min=83886080 sclk_start=1112 sclk_end=1300 causal=True order=blocked9+lead4
  proxy  candidate   1486.8 TF/s (0.0925 ms)  beat   1648.2 TF/s (0.0834 ms)  ratio 0.9021  sclk 1112->1300  [median of 101]
    # arm candidate -> /home/lihuzhan/code/2026_0910__op-evolve/op-evolve/artifacts/gfx1250-flydsl-attn-fwd-b0-20260927/rounds/017/op  impl=/home/lihuzhan/code/2026_0910__op-evolve/op-evolve/artifacts/gfx1250-flydsl-attn-fwd-b0-20260927/rounds/017/op/impl.py kernel=/home/lihuzhan/code/2026_0910__op-evolve/op-evolve/artifacts/gfx1250-flydsl-attn-fwd-b0-20260927/rounds/017/op/flydsl_fwd/fmha_fwd_prefill_a16w16_m32x8.py md5=1b471ea4 O_VARIANT=v3
    # arm beat -> /home/lihuzhan/code/2026_0910__op-evolve/op-evolve/artifacts/gfx1250-flydsl-attn-fwd-b0-20260927/job_context/op/beat  impl=/home/lihuzhan/code/2026_0910__op-evolve/op-evolve/artifacts/gfx1250-flydsl-attn-fwd-b0-20260927/job_context/op/beat/impl.py
    # ENV TORCH_BLAS_PREFER_HIPBLASLT=1 HIPBLASLT_TENSILE_LIBPATH=/home/lihuzhan/.local/hipblaslt-gfx1250/gfx1250
    RESULT shape=prod arm=candidate stat=median iters=101 latency_ms=1.505 min_ms=1.44617 max_ms=1.52857 tflops=1461.32 bw_gbs=445.91 flop=2199291691008.0 bytes_min=671088640 sclk_start=993 sclk_end=1169 causal=True order=blocked9+lead4
    RESULT shape=prod arm=beat stat=median iters=101 latency_ms=1.41625 min_ms=1.36725 max_ms=1.45274 tflops=1552.9 bw_gbs=473.85 flop=2199291691008.0 bytes_min=671088640 sclk_start=993 sclk_end=1169 causal=True order=blocked9+lead4
  prod   candidate   1461.3 TF/s (1.5050 ms)  beat   1552.9 TF/s (1.4163 ms)  ratio 0.9410  sclk 993->1169  [median of 101]
  sweep geomean candidate/beat = 0.9614 (reported only)
  target: proxy and prod each >= bar 1.0000 -> min 0.9021  FAIL
FAILED (1):
  - speed: scored shapes below bar 1.0000 (fast 1.0469, proxy 0.9021, prod 0.9410)

--- stderr ---
/home/lihuzhan/.local/flydsl0341/flydsl/compiler/jit_function.py:1681: UserWarning: @jit parameter 'ptr_O' is annotated as 'Pointer', but the argument resolves to 'Tensor'. The annotation is not enforced; the actual value type is used.
  jf(*args)
/home/lihuzhan/.local/flydsl0341/flydsl/compiler/jit_function.py:1681: UserWarning: @jit parameter 'ptr_Q' is annotated as 'Pointer', but the argument resolves to 'Tensor'. The annotation is not enforced; the actual value type is used.
  jf(*args)
/home/lihuzhan/.local/flydsl0341/flydsl/compiler/jit_function.py:1681: UserWarning: @jit parameter 'ptr_K' is annotated as 'Pointer', but the argument resolves to 'Tensor'. The annotation is not enforced; the actual value type is used.
  jf(*args)
/home/lihuzhan/.local/flydsl0341/flydsl/compiler/jit_function.py:1681: UserWarning: @jit parameter 'ptr_V' is annotated as 'Pointer', but the argument resolves to 'Tensor'. The annotation is not enforced; the actual value type is used.
  jf(*args)
/home/lihuzhan/.local/flydsl0341/flydsl/compiler/jit_function.py:1681: UserWarning: @jit parameter 'ptr_LSE' is annotated as 'Pointer', but the argument resolves to 'Tensor'. The annotation is not enforced; the actual value type is used.
  jf(*args)
/home/lihuzhan/.local/flydsl0341/flydsl/compiler/jit_function.py:1681: UserWarning: @jit parameter 'ptr_sink' is annotated as 'Pointer', but the argument resolves to 'Tensor'. The annotation is not enforced; the actual value type is used.
  jf(*args)
/home/lihuzhan/.local/flydsl0341/flydsl/compiler/kernel_function.py:360: UserWarning: @kernel parameter 'ptr_O' is annotated as 'Pointer', but the argument resolves to 'Tensor'. The annotation is not enforced; the actual value type is used.
  kernel_name, kernel_args, gpu_func_op, smem_bytes = self._kernel_function._emit_kernel(
/home/lihuzhan/.local/flydsl0341/flydsl/compiler/kernel_function.py:360: UserWarning: @kernel parameter 'ptr_Q' is annotated as 'Pointer', but the argument resolves to 'Tensor'. The annotation is not enforced; the actual value type is used.
  kernel_name, kernel_args, gpu_func_op, smem_bytes = self._kernel_function._emit_kernel(
/home/lihuzhan/.local/flydsl0341/flydsl/compiler/kernel_function.py:360: UserWarning: @kernel parameter 'ptr_K' is annotated as 'Pointer', but the argument resolves to 'Tensor'. The annotation is not enforced; the actual value type is used.
  kernel_name, kernel_args, gpu_func_op, smem_bytes = self._kernel_function._emit_kernel(
/home/lihuzhan/.local/flydsl0341/flydsl/compiler/kernel_function.py:360: UserWarning: @kernel parameter 'ptr_V' is annotated as 'Pointer', but the argument resolves to 'Tensor'. The annotation is not enforced; the actual value type is used.
  kernel_name, kernel_args, gpu_func_op, smem_bytes = self._kernel_function._emit_kernel(
/home/lihuzhan/.local/flydsl0341/flydsl/compiler/kernel_function.py:360: UserWarning: @kernel parameter 'ptr_LSE' is annotated as 'Pointer', but the argument resolves to 'Tensor'. The annotation is not enforced; the actual value type is used.
  kernel_name, kernel_args, gpu_func_op, smem_bytes = self._kernel_function._emit_kernel(
/home/lihuzhan/.local/flydsl0341/flydsl/compiler/kernel_function.py:360: UserWarning: @kernel parameter 'ptr_sink' is annotated as 'Pointer', but the argument resolves to 'Tensor'. The annotation is not enforced; the actual value type is used.
  kernel_name, kernel_args, gpu_func_op, smem_bytes = self._kernel_function._emit_kernel(

