[aiter] WARNING: NUMA balancing is enabled, which may cause errors. It is recommended to disable NUMA balancing by running "sudo sh -c 'echo 0 > /proc/sys/kernel/numa_balancing'" for more details: https://rocm.docs.amd.com/en/latest/how-to/system-optimization/mi300x.html#disable-numa-auto-balancing
[aiter] import [module_aiter_core] under /home/lihuzhan/code/aiter-src/aiter/jit/module_aiter_core.so
# arm r29 -> /home/lihuzhan/code/2026_0903__turbo/Primus-Turbo/output/0930__bwd/arms/r29 md5=c6b95c2c
# arm abl_a1 -> /home/lihuzhan/code/2026_0903__turbo/Primus-Turbo/output/0930__bwd/arms/abl_a1 md5=83ccc7ce
# arm abl_a2 -> /home/lihuzhan/code/2026_0903__turbo/Primus-Turbo/output/0930__bwd/arms/abl_a2 md5=370ad8fa
# arm abl_a3 -> /home/lihuzhan/code/2026_0903__turbo/Primus-Turbo/output/0930__bwd/arms/abl_a3 md5=8d522da8
# arm abl_a4 -> /home/lihuzhan/code/2026_0903__turbo/Primus-Turbo/output/0930__bwd/arms/abl_a4 md5=585cf7c3
# arm abl_a5 -> /home/lihuzhan/code/2026_0903__turbo/Primus-Turbo/output/0930__bwd/arms/abl_a5 md5=696d743d
# arm r29_aa -> /home/lihuzhan/code/2026_0903__turbo/Primus-Turbo/output/0930__bwd/arms/r29_aa md5=c6b95c2c
# arm asm -> /home/lihuzhan/code/2026_0903__turbo/Primus-Turbo/output/0927__b0/ruler/bwd/oe/artifacts/job/job_context/op/beat md5=2802a918
# statistic median  iters 51  warmup 3.0s continuous  order blocked 9+lead 4, palindromic rounds  device gfx1250
RESULT shape=prod arm=r29 stat=median iters=54 latency_ms=6.588836431503296 min_ms=6.515937805175781 max_ms=6.68501615524292 tflops=834.4765095747771 bw_gbs=203.70475029287857 flop=5498229227520.0 bytes_min=1342177280 sclk_start=1888 sclk_end=2083 causal=True order=blocked9+lead4
RESULT shape=prod arm=abl_a1 stat=median iters=54 latency_ms=6.496777534484863 min_ms=6.4412360191345215 max_ms=6.570742130279541 tflops=846.3009851169178 bw_gbs=206.5912327882138 flop=5498229227520.0 bytes_min=1342177280 sclk_start=1888 sclk_end=2083 causal=True order=blocked9+lead4
RESULT shape=prod arm=abl_a2 stat=median iters=54 latency_ms=5.3696534633636475 min_ms=5.316740989685059 max_ms=5.445731163024902 tflops=1023.9448904912778 bw_gbs=249.9560333189986 flop=5498229227520.0 bytes_min=1342177280 sclk_start=1888 sclk_end=2083 causal=True order=blocked9+lead4
RESULT shape=prod arm=abl_a3 stat=median iters=54 latency_ms=6.457931041717529 min_ms=6.3984527587890625 max_ms=6.5287251472473145 tflops=851.3917525600752 bw_gbs=207.83394423534122 flop=5498229227520.0 bytes_min=1342177280 sclk_start=1888 sclk_end=2083 causal=True order=blocked9+lead4
RESULT shape=prod arm=abl_a4 stat=median iters=54 latency_ms=6.478441953659058 min_ms=6.435190200805664 max_ms=6.521810054779053 tflops=848.6962246245907 bw_gbs=207.1759366836545 flop=5498229227520.0 bytes_min=1342177280 sclk_start=1888 sclk_end=2083 causal=True order=blocked9+lead4
RESULT shape=prod arm=abl_a5 stat=median iters=54 latency_ms=6.851369619369507 min_ms=6.811039924621582 max_ms=6.939098834991455 tflops=802.500745540856 bw_gbs=195.89912011249993 flop=5498229227520.0 bytes_min=1342177280 sclk_start=1888 sclk_end=2083 causal=True order=blocked9+lead4
RESULT shape=prod arm=r29_aa stat=median iters=54 latency_ms=6.581387996673584 min_ms=6.52324914932251 max_ms=6.638528823852539 tflops=835.4209218935212 bw_gbs=203.93529156438942 flop=5498229227520.0 bytes_min=1342177280 sclk_start=1888 sclk_end=2083 causal=True order=blocked9+lead4
RESULT shape=prod arm=asm stat=median iters=54 latency_ms=5.4944775104522705 min_ms=5.447815895080566 max_ms=5.568636894226074 tflops=1000.6828159839754 bw_gbs=244.2775090892165 flop=5498229227520.0 bytes_min=1342177280 sclk_start=1888 sclk_end=2083 causal=True order=blocked9+lead4
rc=0
