  refcache fast: IGNORED, provenance differs on ['common_sha'] -- recomputing
refcache fast: accepted with common_sha 988c14caed5d9a80
[aiter] WARNING: NUMA balancing is enabled, which may cause errors. It is recommended to disable NUMA balancing by running "sudo sh -c 'echo 0 > /proc/sys/kernel/numa_balancing'" for more details: https://rocm.docs.amd.com/en/latest/how-to/system-optimization/mi300x.html#disable-numa-auto-balancing
[aiter] import [module_aiter_core] under /home/lihuzhan/code/aiter-src/aiter/jit/module_aiter_core.so
CORR shape=fast arm=r29 dq  52.61 dB  dk  52.65 dB  dv  52.83 dB  pass
DET shape=fast arm=r29 runs=3 dkdv=bitwise dq_worst=bitwise  pass
CORR shape=fast arm=dkdv_lse_late dq  52.61 dB  dk  52.65 dB  dv  52.83 dB  pass
DET shape=fast arm=dkdv_lse_late runs=3 dkdv=bitwise dq_worst=bitwise  pass
XARM shape=fast dkdv_lse_late vs r29: dq=bitwise dk=bitwise dv=bitwise
CORR shape=fast arm=dkdv_divfree dq  52.61 dB  dk  52.65 dB  dv  52.83 dB  pass
DET shape=fast arm=dkdv_divfree runs=3 dkdv=bitwise dq_worst=bitwise  pass
XARM shape=fast dkdv_divfree vs r29: dq=bitwise dk=bitwise dv=bitwise
CORR shape=fast arm=dkdv_trorder dq  52.61 dB  dk  52.65 dB  dv  52.83 dB  pass
DET shape=fast arm=dkdv_trorder runs=3 dkdv=bitwise dq_worst=bitwise  pass
XARM shape=fast dkdv_trorder vs r29: dq=bitwise dk=bitwise dv=bitwise
CORR shape=fast arm=dkdv_trorder_b dq  52.61 dB  dk  52.65 dB  dv  52.83 dB  pass
DET shape=fast arm=dkdv_trorder_b runs=3 dkdv=bitwise dq_worst=bitwise  pass
XARM shape=fast dkdv_trorder_b vs r29: dq=bitwise dk=bitwise dv=bitwise
LABVAL fast PASS
rc=0
