  refcache fast: IGNORED, provenance differs on ['common_sha'] -- recomputing
refcache fast: accepted with common_sha 988c14caed5d9a80
[aiter] WARNING: NUMA balancing is enabled, which may cause errors. It is recommended to disable NUMA balancing by running "sudo sh -c 'echo 0 > /proc/sys/kernel/numa_balancing'" for more details: https://rocm.docs.amd.com/en/latest/how-to/system-optimization/mi300x.html#disable-numa-auto-balancing
[aiter] import [module_aiter_core] under /home/lihuzhan/code/aiter-src/aiter/jit/module_aiter_core.so
CORR shape=fast arm=r29 dq  52.61 dB  dk  52.65 dB  dv  52.83 dB  pass
DET shape=fast arm=r29 runs=3 dkdv=bitwise dq_worst=bitwise  pass
CORR shape=fast arm=w4f_r4a dq  52.61 dB  dk  52.65 dB  dv  52.83 dB  pass
DET shape=fast arm=w4f_r4a runs=3 dkdv=bitwise dq_worst=112.3 dB  pass
XARM shape=fast w4f_r4a vs r29: dq=101.0dB dk=91.7dB dv=95.7dB
CORR shape=fast arm=w4f_r4b dq  52.61 dB  dk  52.65 dB  dv  52.83 dB  pass
DET shape=fast arm=w4f_r4b runs=3 dkdv=bitwise dq_worst=112.6 dB  pass
XARM shape=fast w4f_r4b vs r29: dq=100.0dB dk=100.8dB dv=96.0dB
CORR shape=fast arm=w4f_r4c dq  52.61 dB  dk  52.65 dB  dv  52.83 dB  pass
DET shape=fast arm=w4f_r4c runs=3 dkdv=bitwise dq_worst=121.7 dB  pass
XARM shape=fast w4f_r4c vs r29: dq=100.0dB dk=100.8dB dv=96.0dB
CORR shape=fast arm=w4f_r4ac dq  52.61 dB  dk  52.65 dB  dv  52.83 dB  pass
DET shape=fast arm=w4f_r4ac runs=3 dkdv=bitwise dq_worst=111.1 dB  pass
XARM shape=fast w4f_r4ac vs r29: dq=100.9dB dk=91.7dB dv=95.7dB
CORR shape=fast arm=w4f_r4abc dq  52.61 dB  dk  52.65 dB  dv  52.83 dB  pass
DET shape=fast arm=w4f_r4abc runs=3 dkdv=bitwise dq_worst=109.2 dB  pass
XARM shape=fast w4f_r4abc vs r29: dq=101.1dB dk=91.7dB dv=95.7dB
CORR shape=fast arm=w4f_r3 dq  52.61 dB  dk  52.65 dB  dv  52.83 dB  pass
DET shape=fast arm=w4f_r3 runs=3 dkdv=bitwise dq_worst=112.6 dB  pass
XARM shape=fast w4f_r3 vs r29: dq=100.2dB dk=100.8dB dv=96.0dB
CORR shape=fast arm=s5 dq  52.61 dB  dk  52.65 dB  dv  52.83 dB  pass
DET shape=fast arm=s5 runs=3 dkdv=bitwise dq_worst=bitwise  pass
XARM shape=fast s5 vs r29: dq=bitwise dk=bitwise dv=bitwise
LABVAL fast PASS
rc=0
