  refcache prod: IGNORED, provenance differs on ['common_sha'] -- recomputing
refcache prod: accepted with common_sha 988c14caed5d9a80
[aiter] WARNING: NUMA balancing is enabled, which may cause errors. It is recommended to disable NUMA balancing by running "sudo sh -c 'echo 0 > /proc/sys/kernel/numa_balancing'" for more details: https://rocm.docs.amd.com/en/latest/how-to/system-optimization/mi300x.html#disable-numa-auto-balancing
[aiter] import [module_aiter_core] under /home/lihuzhan/code/aiter-src/aiter/jit/module_aiter_core.so
CORR shape=prod arm=r29 dq  52.56 dB  dk  52.60 dB  dv  52.71 dB  pass
DET shape=prod arm=r29 runs=3 dkdv=bitwise dq_worst=bitwise  pass
CORR shape=prod arm=w4f_r4a dq  52.56 dB  dk  52.60 dB  dv  52.71 dB  pass
DET shape=prod arm=w4f_r4a runs=3 dkdv=bitwise dq_worst=97.3 dB  pass
XARM shape=prod w4f_r4a vs r29: dq=93.0dB dk=84.0dB dv=81.7dB
CORR shape=prod arm=w4f_r4b dq  52.56 dB  dk  52.60 dB  dv  52.71 dB  pass
DET shape=prod arm=w4f_r4b runs=3 dkdv=bitwise dq_worst=104.5 dB  pass
XARM shape=prod w4f_r4b vs r29: dq=92.9dB dk=bitwise dv=bitwise
CORR shape=prod arm=w4f_r4c dq  52.56 dB  dk  52.60 dB  dv  52.71 dB  pass
DET shape=prod arm=w4f_r4c runs=3 dkdv=bitwise dq_worst=102.4 dB  pass
XARM shape=prod w4f_r4c vs r29: dq=92.9dB dk=bitwise dv=bitwise
CORR shape=prod arm=w4f_r4ac dq  52.56 dB  dk  52.60 dB  dv  52.71 dB  pass
DET shape=prod arm=w4f_r4ac runs=3 dkdv=bitwise dq_worst=97.5 dB  pass
XARM shape=prod w4f_r4ac vs r29: dq=93.0dB dk=84.0dB dv=81.7dB
CORR shape=prod arm=w4f_r4abc dq  52.56 dB  dk  52.60 dB  dv  52.71 dB  pass
DET shape=prod arm=w4f_r4abc runs=3 dkdv=bitwise dq_worst=97.9 dB  pass
XARM shape=prod w4f_r4abc vs r29: dq=93.1dB dk=84.0dB dv=81.7dB
CORR shape=prod arm=w4f_r3 dq  52.56 dB  dk  52.60 dB  dv  52.71 dB  pass
DET shape=prod arm=w4f_r3 runs=3 dkdv=bitwise dq_worst=102.8 dB  pass
XARM shape=prod w4f_r3 vs r29: dq=92.9dB dk=bitwise dv=bitwise
CORR shape=prod arm=s5 dq  52.56 dB  dk  52.60 dB  dv  52.71 dB  pass
DET shape=prod arm=s5 runs=3 dkdv=bitwise dq_worst=bitwise  pass
XARM shape=prod s5 vs r29: dq=bitwise dk=bitwise dv=bitwise
LABVAL prod PASS
rc=0
