# PYTHONHASHSEED=None arms=['r6_a', 'r4_a', 'r4_b', 'r6_b']
/home/lihuzhan/.local/flydsl0341/flydsl/compiler/jit_function.py:1681: UserWarning: @jit parameter 'ptr_O' is annotated as 'Pointer', but the argument resolves to 'Tensor'. The annotation is not enforced; the actual value type is used.
  jf(*args)
/home/lihuzhan/.local/flydsl0341/flydsl/compiler/jit_function.py:1681: UserWarning: @jit parameter 'ptr_Q' is annotated as 'Pointer', but the argument resolves to 'Tensor'. The annotation is not enforced; the actual value type is used.
  jf(*args)
/home/lihuzhan/.local/flydsl0341/flydsl/compiler/jit_function.py:1681: UserWarning: @jit parameter 'ptr_K' is annotated as 'Pointer', but the argument resolves to 'Tensor'. The annotation is not enforced; the actual value type is used.
  jf(*args)
/home/lihuzhan/.local/flydsl0341/flydsl/compiler/jit_function.py:1681: UserWarning: @jit parameter 'ptr_V' is annotated as 'Pointer', but the argument resolves to 'Tensor'. The annotation is not enforced; the actual value type is used.
  jf(*args)
/home/lihuzhan/.local/flydsl0341/flydsl/compiler/jit_function.py:1681: UserWarning: @jit parameter 'ptr_LSE' is annotated as 'Pointer', but the argument resolves to 'Tensor'. The annotation is not enforced; the actual value type is used.
  jf(*args)
/home/lihuzhan/.local/flydsl0341/flydsl/compiler/jit_function.py:1681: UserWarning: @jit parameter 'ptr_sink' is annotated as 'Pointer', but the argument resolves to 'Tensor'. The annotation is not enforced; the actual value type is used.
  jf(*args)
/home/lihuzhan/.local/flydsl0341/flydsl/compiler/kernel_function.py:360: UserWarning: @kernel parameter 'ptr_O' is annotated as 'Pointer', but the argument resolves to 'Tensor'. The annotation is not enforced; the actual value type is used.
  kernel_name, kernel_args, gpu_func_op, smem_bytes = self._kernel_function._emit_kernel(
/home/lihuzhan/.local/flydsl0341/flydsl/compiler/kernel_function.py:360: UserWarning: @kernel parameter 'ptr_Q' is annotated as 'Pointer', but the argument resolves to 'Tensor'. The annotation is not enforced; the actual value type is used.
  kernel_name, kernel_args, gpu_func_op, smem_bytes = self._kernel_function._emit_kernel(
/home/lihuzhan/.local/flydsl0341/flydsl/compiler/kernel_function.py:360: UserWarning: @kernel parameter 'ptr_K' is annotated as 'Pointer', but the argument resolves to 'Tensor'. The annotation is not enforced; the actual value type is used.
  kernel_name, kernel_args, gpu_func_op, smem_bytes = self._kernel_function._emit_kernel(
/home/lihuzhan/.local/flydsl0341/flydsl/compiler/kernel_function.py:360: UserWarning: @kernel parameter 'ptr_V' is annotated as 'Pointer', but the argument resolves to 'Tensor'. The annotation is not enforced; the actual value type is used.
  kernel_name, kernel_args, gpu_func_op, smem_bytes = self._kernel_function._emit_kernel(
/home/lihuzhan/.local/flydsl0341/flydsl/compiler/kernel_function.py:360: UserWarning: @kernel parameter 'ptr_LSE' is annotated as 'Pointer', but the argument resolves to 'Tensor'. The annotation is not enforced; the actual value type is used.
  kernel_name, kernel_args, gpu_func_op, smem_bytes = self._kernel_function._emit_kernel(
/home/lihuzhan/.local/flydsl0341/flydsl/compiler/kernel_function.py:360: UserWarning: @kernel parameter 'ptr_sink' is annotated as 'Pointer', but the argument resolves to 'Tensor'. The annotation is not enforced; the actual value type is used.
  kernel_name, kernel_args, gpu_func_op, smem_bytes = self._kernel_function._emit_kernel(
RESULT mode=std arm=r6_a ms=1.45046 sclk=1253/1297 by_pred={'None': [1.18714, 1], 'r4_a': [1.45162, 50], 'r6_a': [1.44875, 50]}
RESULT mode=std arm=r4_a ms=1.54199 sclk=1253/1297 by_pred={'r6_a': [1.53995, 51], 'r4_b': [1.54235, 50]}
RESULT mode=std arm=r4_b ms=1.54055 sclk=1253/1297 by_pred={'r4_a': [1.54316, 51], 'r6_b': [1.53799, 50]}
RESULT mode=std arm=r6_b ms=1.44974 sclk=1253/1297 by_pred={'r4_b': [1.45278, 51], 'r6_b': [1.44873, 50]}
RESULT mode=blocked arm=r6_a ms=1.46308 n=108 sclk=1297/1286 by_pos=[1.4671, 1.45484, 1.45609, 1.46392, 1.46129, 1.46927, 1.46448, 1.45931, 1.46179, 1.46927, 1.46368, 1.45959, 1.46125]
RESULT mode=blocked arm=r4_a ms=1.52094 n=108 sclk=1297/1286 by_pos=[1.55429, 1.5314, 1.52946, 1.52595, 1.52333, 1.52487, 1.52627, 1.5182, 1.52206, 1.52234, 1.51836, 1.5172, 1.51325]
RESULT mode=blocked arm=r4_b ms=1.52068 n=108 sclk=1297/1286 by_pos=[1.55994, 1.5338, 1.52503, 1.52415, 1.52299, 1.52228, 1.52523, 1.52126, 1.52178, 1.51896, 1.51816, 1.51816, 1.52002]
RESULT mode=blocked arm=r6_b ms=1.46598 n=108 sclk=1297/1286 by_pos=[1.47533, 1.45747, 1.46668, 1.46622, 1.46362, 1.45891, 1.46742, 1.47191, 1.4634, 1.46724, 1.46197, 1.47285, 1.47113]
RESULT mode=stream arm=r6_a ms=1.47480 n=12
RESULT mode=stream arm=r4_a ms=1.53491 n=12
RESULT mode=stream arm=r4_b ms=1.53449 n=12
RESULT mode=stream arm=r6_b ms=1.47480 n=12
rc=0 newdmesg=13
