# PYTHONHASHSEED=None arms=['r6_a', 'l12_a', 'l12_b', 'r6_b']
/home/lihuzhan/.local/flydsl0341/flydsl/compiler/jit_function.py:1681: UserWarning: @jit parameter 'ptr_O' is annotated as 'Pointer', but the argument resolves to 'Tensor'. The annotation is not enforced; the actual value type is used.
  jf(*args)
/home/lihuzhan/.local/flydsl0341/flydsl/compiler/jit_function.py:1681: UserWarning: @jit parameter 'ptr_Q' is annotated as 'Pointer', but the argument resolves to 'Tensor'. The annotation is not enforced; the actual value type is used.
  jf(*args)
/home/lihuzhan/.local/flydsl0341/flydsl/compiler/jit_function.py:1681: UserWarning: @jit parameter 'ptr_K' is annotated as 'Pointer', but the argument resolves to 'Tensor'. The annotation is not enforced; the actual value type is used.
  jf(*args)
/home/lihuzhan/.local/flydsl0341/flydsl/compiler/jit_function.py:1681: UserWarning: @jit parameter 'ptr_V' is annotated as 'Pointer', but the argument resolves to 'Tensor'. The annotation is not enforced; the actual value type is used.
  jf(*args)
/home/lihuzhan/.local/flydsl0341/flydsl/compiler/jit_function.py:1681: UserWarning: @jit parameter 'ptr_LSE' is annotated as 'Pointer', but the argument resolves to 'Tensor'. The annotation is not enforced; the actual value type is used.
  jf(*args)
/home/lihuzhan/.local/flydsl0341/flydsl/compiler/jit_function.py:1681: UserWarning: @jit parameter 'ptr_sink' is annotated as 'Pointer', but the argument resolves to 'Tensor'. The annotation is not enforced; the actual value type is used.
  jf(*args)
/home/lihuzhan/.local/flydsl0341/flydsl/compiler/kernel_function.py:360: UserWarning: @kernel parameter 'ptr_O' is annotated as 'Pointer', but the argument resolves to 'Tensor'. The annotation is not enforced; the actual value type is used.
  kernel_name, kernel_args, gpu_func_op, smem_bytes = self._kernel_function._emit_kernel(
/home/lihuzhan/.local/flydsl0341/flydsl/compiler/kernel_function.py:360: UserWarning: @kernel parameter 'ptr_Q' is annotated as 'Pointer', but the argument resolves to 'Tensor'. The annotation is not enforced; the actual value type is used.
  kernel_name, kernel_args, gpu_func_op, smem_bytes = self._kernel_function._emit_kernel(
/home/lihuzhan/.local/flydsl0341/flydsl/compiler/kernel_function.py:360: UserWarning: @kernel parameter 'ptr_K' is annotated as 'Pointer', but the argument resolves to 'Tensor'. The annotation is not enforced; the actual value type is used.
  kernel_name, kernel_args, gpu_func_op, smem_bytes = self._kernel_function._emit_kernel(
/home/lihuzhan/.local/flydsl0341/flydsl/compiler/kernel_function.py:360: UserWarning: @kernel parameter 'ptr_V' is annotated as 'Pointer', but the argument resolves to 'Tensor'. The annotation is not enforced; the actual value type is used.
  kernel_name, kernel_args, gpu_func_op, smem_bytes = self._kernel_function._emit_kernel(
/home/lihuzhan/.local/flydsl0341/flydsl/compiler/kernel_function.py:360: UserWarning: @kernel parameter 'ptr_LSE' is annotated as 'Pointer', but the argument resolves to 'Tensor'. The annotation is not enforced; the actual value type is used.
  kernel_name, kernel_args, gpu_func_op, smem_bytes = self._kernel_function._emit_kernel(
/home/lihuzhan/.local/flydsl0341/flydsl/compiler/kernel_function.py:360: UserWarning: @kernel parameter 'ptr_sink' is annotated as 'Pointer', but the argument resolves to 'Tensor'. The annotation is not enforced; the actual value type is used.
  kernel_name, kernel_args, gpu_func_op, smem_bytes = self._kernel_function._emit_kernel(
RESULT mode=std arm=r6_a ms=1.52184 sclk=1249/1233 by_pred={'None': [1.1565, 1], 'l12_a': [1.54232, 50], 'r6_a': [1.4917, 50]}
RESULT mode=std arm=l12_a ms=1.42450 sclk=1249/1233 by_pred={'r6_a': [1.40895, 51], 'l12_b': [1.44569, 50]}
RESULT mode=std arm=l12_b ms=1.42930 sclk=1249/1233 by_pred={'l12_a': [1.44529, 51], 'r6_b': [1.41028, 50]}
RESULT mode=std arm=r6_b ms=1.51495 sclk=1249/1233 by_pred={'l12_b': [1.54236, 51], 'r6_b': [1.49176, 50]}
RESULT mode=blocked arm=r6_a ms=1.46508 n=108 sclk=1233/1225 by_pos=[1.50628, 1.4669, 1.45244, 1.45506, 1.45745, 1.46181, 1.46474, 1.45635, 1.46943, 1.46618, 1.46578, 1.47229, 1.47119]
RESULT mode=blocked arm=l12_a ms=1.47724 n=108 sclk=1233/1225 by_pos=[1.46215, 1.4646, 1.47878, 1.48219, 1.47854, 1.47553, 1.47698, 1.47882, 1.48471, 1.46824, 1.48038, 1.47491, 1.47335]
RESULT mode=blocked arm=l12_b ms=1.47786 n=108 sclk=1233/1225 by_pos=[1.46704, 1.46031, 1.47321, 1.49036, 1.49128, 1.47413, 1.47223, 1.4794, 1.48229, 1.4761, 1.47584, 1.47786, 1.4771]
RESULT mode=blocked arm=r6_b ms=1.46238 n=108 sclk=1233/1225 by_pos=[1.50716, 1.47011, 1.45663, 1.45787, 1.45683, 1.45773, 1.46949, 1.4673, 1.4632, 1.46238, 1.45573, 1.46882, 1.46546]
RESULT mode=stream arm=r6_a ms=1.47142 n=12
RESULT mode=stream arm=l12_a ms=1.48215 n=12
RESULT mode=stream arm=l12_b ms=1.48344 n=12
RESULT mode=stream arm=r6_b ms=1.47530 n=12
rc=0 newdmesg=0
